Component: ARM Compiler 5.05 update 1 (build 106) Tool: armlink [4d0efa]

==============================================================================

Section Cross References

    main.o(i.doGame) refers to rand.o(.text) for srand
    main.o(i.doGame) refers to gameframe.o(i.init_gameFrame) for init_gameFrame
    main.o(i.doGame) refers to gameframe.o(i.init_nextFrame) for init_nextFrame
    main.o(i.doGame) refers to gameframe.o(i.draw_gameFrame) for draw_gameFrame
    main.o(i.doGame) refers to gameframe.o(i.draw_nextFrame) for draw_nextFrame
    main.o(i.doGame) refers to game.o(i.getKeyAction) for getKeyAction
    main.o(i.doGame) refers to game.o(i.getRemoteAction) for getRemoteAction
    main.o(i.doGame) refers to game.o(i.updateGame) for updateGame
    main.o(i.doGame) refers to delay.o(i.delay_ms) for delay_ms
    main.o(i.doGame) refers to game.o(.data) for menuTime
    main.o(i.doGame) refers to main.o(.data) for mSeconds
    main.o(i.initAll) refers to delay.o(i.delay_init) for delay_init
    main.o(i.initAll) refers to usart.o(i.uart_init) for uart_init
    main.o(i.initAll) refers to led.o(i.LED_Init) for LED_Init
    main.o(i.initAll) refers to lcd.o(i.LCD_Init) for LCD_Init
    main.o(i.initAll) refers to remote.o(i.Remote_Init) for Remote_Init
    main.o(i.initAll) refers to key.o(i.KEY_Init) for KEY_Init
    main.o(i.main) refers to main.o(i.initAll) for initAll
    main.o(i.main) refers to main.o(i.showMenu) for showMenu
    main.o(i.main) refers to main.o(i.doGame) for doGame
    main.o(i.main) refers to main.o(i.showResult) for showResult
    main.o(i.showMenu) refers to lcd.o(i.LCD_ShowString) for LCD_ShowString
    main.o(i.showMenu) refers to key.o(i.KEY_Scan) for KEY_Scan
    main.o(i.showMenu) refers to remote.o(i.Remote_Scan) for Remote_Scan
    main.o(i.showMenu) refers to delay.o(i.delay_ms) for delay_ms
    main.o(i.showMenu) refers to lcd.o(i.LCD_Clear) for LCD_Clear
    main.o(i.showMenu) refers to lcd.o(.data) for POINT_COLOR
    main.o(i.showMenu) refers to lcd.o(.bss) for lcddev
    main.o(i.showMenu) refers to game.o(.data) for refreshMs
    main.o(i.showResult) refers to lcd.o(i.LCD_Fill) for LCD_Fill
    main.o(i.showResult) refers to lcd.o(i.LCD_DrawLine) for LCD_DrawLine
    main.o(i.showResult) refers to lcd.o(i.LCD_ShowString) for LCD_ShowString
    main.o(i.showResult) refers to lcd.o(i.LCD_ShowNum) for LCD_ShowNum
    main.o(i.showResult) refers to lcd.o(.data) for POINT_COLOR
    main.o(i.showResult) refers to lcd.o(.bss) for lcddev
    main.o(i.showResult) refers to gameframe.o(.data) for score
    game.o(i.checkLine) refers to list.o(i.list_remove) for list_remove
    game.o(i.checkLine) refers to square.o(i.simpleClearSquare) for simpleClearSquare
    game.o(i.checkLine) refers to h1_free.o(.text) for free
    game.o(i.checkLine) refers to gameframe.o(.bss) for GameFrame
    game.o(i.checkLine) refers to gameframe.o(.data) for SQUARE_LENGTH
    game.o(i.checkNeedStop) refers to square.o(i.getLossDropSquareCanDrop) for getLossDropSquareCanDrop
    game.o(i.checkNeedStop) refers to list.o(i.list_remove) for list_remove
    game.o(i.checkNeedStop) refers to list.o(i.list_append) for list_append
    game.o(i.checkNeedStop) refers to game.o(i.checkLine) for checkLine
    game.o(i.checkNeedStop) refers to lcd.o(i.LCD_Clear) for LCD_Clear
    game.o(i.checkNeedStop) refers to gameframe.o(i.draw_time) for draw_time
    game.o(i.checkNeedStop) refers to gameframe.o(i.draw_gameFrame) for draw_gameFrame
    game.o(i.checkNeedStop) refers to game.o(i.drawStopGroup) for drawStopGroup
    game.o(i.checkNeedStop) refers to square.o(i.refreshHeight) for refreshHeight
    game.o(i.checkNeedStop) refers to game.o(i.clearDropGroup) for clearDropGroup
    game.o(i.checkNeedStop) refers to gameframe.o(.bss) for GameFrame
    game.o(i.checkNeedStop) refers to gameframe.o(.data) for dropYmax
    game.o(i.checkNeedStop) refers to game.o(.data) for stopTime
    game.o(i.clearDropGroup) refers to square.o(i.simpleClearSquare) for simpleClearSquare
    game.o(i.clearDropGroup) refers to gameframe.o(.bss) for DropSquareHead
    game.o(i.drawDropGroup) refers to square.o(i.drawSquare) for drawSquare
    game.o(i.drawDropGroup) refers to gameframe.o(.bss) for DropSquareHead
    game.o(i.drawStopGroup) refers to square.o(i.drawSquare) for drawSquare
    game.o(i.drawStopGroup) refers to gameframe.o(.bss) for HeadSquare
    game.o(i.getKeyAction) refers to key.o(i.KEY_Scan) for KEY_Scan
    game.o(i.getKeyAction) refers to game.o(.data) for PressKey
    game.o(i.getRemoteAction) refers to remote.o(i.Remote_Scan) for Remote_Scan
    game.o(i.getRemoteAction) refers to game.o(.data) for PressKey
    game.o(i.getRemoteAction1) refers to remote.o(i.Remote_Scan) for Remote_Scan
    game.o(i.getRemoteAction1) refers to game.o(.data) for PressKey
    game.o(i.makeAction) refers to square.o(i.checkDropSquareCanMoveLeftORRight) for checkDropSquareCanMoveLeftORRight
[...]
    SYSTEM\delay\delay.c                     0x00000000   Number         0  delay.o ABSOLUTE
    SYSTEM\sys\sys.c                         0x00000000   Number         0  sys.o ABSOLUTE
    SYSTEM\usart\usart.c                     0x00000000   Number         0  usart.o ABSOLUTE
    config\game.c                            0x00000000   Number         0  game.o ABSOLUTE
    config\gameFrame.c                       0x00000000   Number         0  gameframe.o ABSOLUTE
    config\square.c                          0x00000000   Number         0  square.o ABSOLUTE
    config\squareGroup.c                     0x00000000   Number         0  squaregroup.o ABSOLUTE
    dc.s                                     0x00000000   Number         0  dc.o ABSOLUTE
    main.c                                   0x00000000   Number         0  main.o ABSOLUTE
    others\stm32f10x_it.c                    0x00000000   Number         0  stm32f10x_it.o ABSOLUTE
    util\list.c                              0x00000000   Number         0  list.o ABSOLUTE
    RESET                                    0x08000000   Section      304  startup_stm32f10x_hd.o(RESET)
    !!!main                                  0x08000130   Section        8  __main.o(!!!main)
    !!!scatter                               0x08000138   Section       52  __scatter.o(!!!scatter)
    !!handler_copy                           0x0800016c   Section       26  __scatter_copy.o(!!handler_copy)
    !!handler_zi                             0x08000188   Section       28  __scatter_zi.o(!!handler_zi)
    .ARM.Collect$$_printf_percent$$00000000  0x080001a4   Section        0  _printf_percent.o(.ARM.Collect$$_printf_percent$$00000000)
    .ARM.Collect$$_printf_percent$$0000000C  0x080001a4   Section        6  _printf_x.o(.ARM.Collect$$_printf_percent$$0000000C)
    .ARM.Collect$$_printf_percent$$00000017  0x080001aa   Section        4  _printf_percent_end.o(.ARM.Collect$$_printf_percent$$00000017)
    .ARM.Collect$$libinit$$00000000          0x080001ae   Section        2  libinit.o(.ARM.Collect$$libinit$$00000000)
    .ARM.Collect$$libinit$$00000002          0x080001b0   Section        0  libinit2.o(.ARM.Collect$$libinit$$00000002)
    .ARM.Collect$$libinit$$00000004          0x080001b0   Section        0  libinit2.o(.ARM.Collect$$libinit$$00000004)
    .ARM.Collect$$libinit$$00000005          0x080001b0   Section        8  libinit2.o(.ARM.Collect$$libinit$$00000005)
    .ARM.Collect$$libinit$$0000000A          0x080001b8   Section        0  libinit2.o(.ARM.Collect$$libinit$$0000000A)
    .ARM.Collect$$libinit$$0000000C          0x080001b8   Section        0  libinit2.o(.ARM.Collect$$libinit$$0000000C)
    .ARM.Collect$$libinit$$0000000D          0x080001b8   Section        4  libinit2.o(.ARM.Collect$$libinit$$0000000D)
    .ARM.Collect$$libinit$$0000000E          0x080001bc   Section        0  libinit2.o(.ARM.Collect$$libinit$$0000000E)
    .ARM.Collect$$libinit$$00000011          0x080001bc   Section        0  libinit2.o(.ARM.Collect$$libinit$$00000011)
    .ARM.Collect$$libinit$$00000013          0x080001bc   Section        0  libinit2.o(.ARM.Collect$$libinit$$00000013)
    .ARM.Collect$$libinit$$00000015          0x080001bc   Section        0  libinit2.o(.ARM.Collect$$libinit$$00000015)
    .ARM.Collect$$libinit$$00000017          0x080001bc   Section        0  libinit2.o(.ARM.Collect$$libinit$$00000017)
    .ARM.Collect$$libinit$$00000019          0x080001bc   Section        0  libinit2.o(.ARM.Collect$$libinit$$00000019)
    .ARM.Collect$$libinit$$0000001B          0x080001bc   Section        0  libinit2.o(.ARM.Collect$$libinit$$0000001B)
    .ARM.Collect$$libinit$$0000001D          0x080001bc   Section        0  libinit2.o(.ARM.Collect$$libinit$$0000001D)
    .ARM.Collect$$libinit$$0000001F          0x080001bc   Section        0  libinit2.o(.ARM.Collect$$libinit$$0000001F)
    .ARM.Collect$$libinit$$00000021          0x080001bc   Section        0  libinit2.o(.ARM.Collect$$libinit$$00000021)
    .ARM.Collect$$libinit$$00000023          0x080001bc   Section        0  libinit2.o(.ARM.Collect$$libinit$$00000023)
    .ARM.Collect$$libinit$$00000025          0x080001bc   Section        0  libinit2.o(.ARM.Collect$$libinit$$00000025)
    .ARM.Collect$$libinit$$0000002C          0x080001bc   Section        0  libinit2.o(.ARM.Collect$$libinit$$0000002C)
    .ARM.Collect$$libinit$$0000002E          0x080001bc   Section        0  libinit2.o(.ARM.Collect$$libinit$$0000002E)
    .ARM.Collect$$libinit$$00000030          0x080001bc   Section        0  libinit2.o(.ARM.Collect$$libinit$$00000030)
    .ARM.Collect$$libinit$$00000032          0x080001bc   Section        0  libinit2.o(.ARM.Collect$$libinit$$00000032)
    .ARM.Collect$$libinit$$00000033          0x080001bc   Section        2  libinit2.o(.ARM.Collect$$libinit$$00000033)
    .ARM.Collect$$libshutdown$$00000000      0x080001be   Section        2  libshutdown.o(.ARM.Collect$$libshutdown$$00000000)
    .ARM.Collect$$libshutdown$$00000003      0x080001c0   Section        0  libshutdown2.o(.ARM.Collect$$libshutdown$$00000003)
    .ARM.Collect$$libshutdown$$00000006      0x080001c0   Section        0  libshutdown2.o(.ARM.Collect$$libshutdown$$00000006)
    .ARM.Collect$$libshutdown$$00000009      0x080001c0   Section        0  libshutdown2.o(.ARM.Collect$$libshutdown$$00000009)
    .ARM.Collect$$libshutdown$$0000000B      0x080001c0   Section        0  libshutdown2.o(.ARM.Collect$$libshutdown$$0000000B)
    .ARM.Collect$$libshutdown$$0000000E      0x080001c0   Section        0  libshutdown2.o(.ARM.Collect$$libshutdown$$0000000E)
    .ARM.Collect$$libshutdown$$0000000F      0x080001c0   Section        2  libshutdown2.o(.ARM.Collect$$libshutdown$$0000000F)
    .ARM.Collect$$rtentry$$00000000          0x080001c2   Section        0  __rtentry.o(.ARM.Collect$$rtentry$$00000000)
    .ARM.Collect$$rtentry$$00000002          0x080001c2   Section        0  __rtentry2.o(.ARM.Collect$$rtentry$$00000002)
    .ARM.Collect$$rtentry$$00000004          0x080001c2   Section        6  __rtentry4.o(.ARM.Collect$$rtentry$$00000004)
    .ARM.Collect$$rtentry$$00000009          0x080001c8   Section        0  __rtentry2.o(.ARM.Collect$$rtentry$$00000009)
    .ARM.Collect$$rtentry$$0000000A          0x080001c8   Section        4  __rtentry2.o(.ARM.Collect$$rtentry$$0000000A)
    .ARM.Collect$$rtentry$$0000000C          0x080001cc   Section        0  __rtentry2.o(.ARM.Collect$$rtentry$$0000000C)
    .ARM.Collect$$rtentry$$0000000D          0x080001cc   Section        8  __rtentry2.o(.ARM.Collect$$rtentry$$0000000D)
    .ARM.Collect$$rtexit$$00000000           0x080001d4   Section        2  rtexit.o(.ARM.Collect$$rtexit$$00000000)
    .ARM.Collect$$rtexit$$00000002           0x080001d6   Section        0  rtexit2.o(.ARM.Collect$$rtexit$$00000002)
    .ARM.Collect$$rtexit$$00000003           0x080001d6   Section        4  rtexit2.o(.ARM.Collect$$rtexit$$00000003)
    .ARM.Collect$$rtexit$$00000004           0x080001da   Section        6  rtexit2.o(.ARM.Collect$$rtexit$$00000004)
    .emb_text                                0x080001e0   Section       52  rand.o(.emb_text)
    .emb_text                                0x08000214   Section        0  maybetermalloc1.o(.emb_text)
    .text                                    0x08000214   Section       64  startup_stm32f10x_hd.o(.text)
    .text                                    0x08000254   Section        2  use_no_semi_2.o(.text)
    .text                                    0x08000256   Section        0  h1_alloc.o(.text)
    .text                                    0x080002b4   Section        0  h1_free.o(.text)
    .text                                    0x08000304   Section        0  noretval__2printf.o(.text)
    .text                                    0x0800031c   Section        0  __printf.o(.text)
    .text                                    0x08000384   Section        0  _printf_hex_int.o(.text)
    .text                                    0x080003dc   Section        0  rand.o(.text)
    .text                                    0x08000418   Section        0  heapauxi.o(.text)
    .text                                    0x0800041e   Section        2  use_no_semi.o(.text)
    .text                                    0x08000420   Section        8  rt_heap_descriptor_intlibspace.o(.text)
    .text                                    0x08000428   Section        0  hguard.o(.text)
    .text                                    0x0800042c   Section        0  init_alloc.o(.text)
    .text                                    0x080004b6   Section        0  h1_init.o(.text)
    .text                                    0x080004c4   Section        0  _printf_intcommon.o(.text)
    .text                                    0x08000578   Section        0  _printf_char_file.o(.text)
    .text                                    0x0800059c   Section        8  libspace.o(.text)
    .text                                    0x080005a4   Section        0  h1_extend.o(.text)
    .text                                    0x080005d8   Section        0  _printf_char_common.o(.text)
    _printf_input_char                       0x080005d9   Thumb Code    10  _printf_char_common.o(.text)
    .text                                    0x08000608   Section        0  ferror.o(.text)
    .text                                    0x08000610   Section        0  defsig_rtmem_outer.o(.text)
    .text                                    0x0800061e   Section       74  sys_stackheap_outer.o(.text)
    .text                                    0x08000668   Section        0  exit.o(.text)
    .text                                    0x08000674   Section        0  defsig_exit.o(.text)
    .text                                    0x08000680   Section        0  defsig_rtmem_inner.o(.text)
    .text                                    0x080006d0   Section        0  defsig_general.o(.text)
    i.BusFault_Handler                       0x08000702   Section        0  stm32f10x_it.o(i.BusFault_Handler)
    i.DebugMon_Handler                       0x08000706   Section        0  stm32f10x_it.o(i.DebugMon_Handler)
    i.GPIO_Init                              0x08000708   Section        0  stm32f10x_gpio.o(i.GPIO_Init)
    i.GPIO_PinRemapConfig                    0x08000820   Section        0  stm32f10x_gpio.o(i.GPIO_PinRemapConfig)
    i.GPIO_ReadInputDataBit                  0x080008b0   Section        0  stm32f10x_gpio.o(i.GPIO_ReadInputDataBit)
    i.GPIO_SetBits                           0x080008c2   Section        0  stm32f10x_gpio.o(i.GPIO_SetBits)
    i.HardFault_Handler                      0x080008c6   Section        0  stm32f10x_it.o(i.HardFault_Handler)
    i.KEY_Init                               0x080008cc   Section        0  key.o(i.KEY_Init)
    i.KEY_Scan                               0x0800092c   Section        0  key.o(i.KEY_Scan)
    i.LCD_Clear                              0x080009d4   Section        0  lcd.o(i.LCD_Clear)
    i.LCD_Display_Dir                        0x08000a5c   Section        0  lcd.o(i.LCD_Display_Dir)
    i.LCD_DrawLine                           0x08000c1c   Section        0  lcd.o(i.LCD_DrawLine)
    i.LCD_DrawPoint                          0x08000ccc   Section        0  lcd.o(i.LCD_DrawPoint)
    i.LCD_Fast_DrawPoint                     0x08000d0c   Section        0  lcd.o(i.LCD_Fast_DrawPoint)
    i.LCD_Fill                               0x08001070   Section        0  lcd.o(i.LCD_Fill)
    i.LCD_Init                               0x08001144   Section        0  lcd.o(i.LCD_Init)
    i.LCD_Pow                                0x08004d00   Section        0  lcd.o(i.LCD_Pow)
    i.LCD_RD_DATA                            0x08004d18   Section        0  lcd.o(i.LCD_RD_DATA)
    i.LCD_ReadReg                            0x08004d88   Section        0  lcd.o(i.LCD_ReadReg)
    i.LCD_SSD_BackLightSet                   0x08004d98   Section        0  lcd.o(i.LCD_SSD_BackLightSet)
    i.LCD_Scan_Dir                           0x08004e6c   Section        0  lcd.o(i.LCD_Scan_Dir)
    i.LCD_SetCursor                          0x080052c4   Section        0  lcd.o(i.LCD_SetCursor)
    i.LCD_ShowChar                           0x08005680   Section        0  lcd.o(i.LCD_ShowChar)
    i.LCD_ShowNum                            0x080057a8   Section        0  lcd.o(i.LCD_ShowNum)
    i.LCD_ShowString                         0x0800583c   Section        0  lcd.o(i.LCD_ShowString)
    i.LCD_WR_DATAX                           0x080058a4   Section        0  lcd.o(i.LCD_WR_DATAX)
    i.LCD_WR_REG                             0x080058c8   Section        0  lcd.o(i.LCD_WR_REG)
    i.LCD_WriteRAM_Prepare                   0x080058ec   Section        0  lcd.o(i.LCD_WriteRAM_Prepare)
    i.LCD_WriteReg                           0x080058fc   Section        0  lcd.o(i.LCD_WriteReg)
    i.LED_Init                               0x0800592c   Section        0  led.o(i.LED_Init)
    i.MemManage_Handler                      0x0800597c   Section        0  stm32f10x_it.o(i.MemManage_Handler)
    i.NMI_Handler                            0x08005980   Section        0  stm32f10x_it.o(i.NMI_Handler)
    i.NVIC_Init                              0x08005984   Section        0  misc.o(i.NVIC_Init)
    i.PendSV_Handler                         0x080059f4   Section        0  stm32f10x_it.o(i.PendSV_Handler)
    i.RCC_APB1PeriphClockCmd                 0x080059f8   Section        0  stm32f10x_rcc.o(i.RCC_APB1PeriphClockCmd)
    i.RCC_APB2PeriphClockCmd                 0x08005a18   Section        0  stm32f10x_rcc.o(i.RCC_APB2PeriphClockCmd)
    i.RCC_GetClocksFreq                      0x08005a38   Section        0  stm32f10x_rcc.o(i.RCC_GetClocksFreq)
    i.Remote_Init                            0x08005b0c   Section        0  remote.o(i.Remote_Init)
    i.Remote_Scan                            0x08005bc4   Section        0  remote.o(i.Remote_Scan)
    i.SVC_Handler                            0x08005c2c   Section        0  stm32f10x_it.o(i.SVC_Handler)
    i.SetSysClock                            0x08005c2e   Section        0  system_stm32f10x.o(i.SetSysClock)
    SetSysClock                              0x08005c2f   Thumb Code     8  system_stm32f10x.o(i.SetSysClock)
    i.SetSysClockTo72                        0x08005c38   Section        0  system_stm32f10x.o(i.SetSysClockTo72)
    SetSysClockTo72                          0x08005c39   Thumb Code   214  system_stm32f10x.o(i.SetSysClockTo72)
    i.SquareCopy                             0x08005d18   Section        0  square.o(i.SquareCopy)
    i.SysTick_CLKSourceConfig                0x08005d36   Section        0  misc.o(i.SysTick_CLKSourceConfig)
    i.SysTick_Handler                        0x08005d5e   Section        0  stm32f10x_it.o(i.SysTick_Handler)
    i.SystemInit                             0x08005d60   Section        0  system_stm32f10x.o(i.SystemInit)
    i.TI1_Config                             0x08005dc0   Section        0  stm32f10x_tim.o(i.TI1_Config)
    TI1_Config                               0x08005dc1   Thumb Code   108  stm32f10x_tim.o(i.TI1_Config)
    i.TI2_Config                             0x08005e40   Section        0  stm32f10x_tim.o(i.TI2_Config)
    TI2_Config                               0x08005e41   Thumb Code   130  stm32f10x_tim.o(i.TI2_Config)
    i.TI3_Config                             0x08005ed8   Section        0  stm32f10x_tim.o(i.TI3_Config)
    TI3_Config                               0x08005ed9   Thumb Code   122  stm32f10x_tim.o(i.TI3_Config)
    i.TI4_Config                             0x08005f68   Section        0  stm32f10x_tim.o(i.TI4_Config)
    TI4_Config                               0x08005f69   Thumb Code   130  stm32f10x_tim.o(i.TI4_Config)
    i.TIM5_IRQHandler                        0x08006000   Section        0  remote.o(i.TIM5_IRQHandler)
    i.TIM_ClearFlag                          0x08006198   Section        0  stm32f10x_tim.o(i.TIM_ClearFlag)
    i.TIM_Cmd                                0x0800619e   Section        0  stm32f10x_tim.o(i.TIM_Cmd)
    i.TIM_GetCapture2                        0x080061b6   Section        0  stm32f10x_tim.o(i.TIM_GetCapture2)
    i.TIM_GetITStatus                        0x080061bc   Section        0  stm32f10x_tim.o(i.TIM_GetITStatus)
    i.TIM_ICInit                             0x080061e0   Section        0  stm32f10x_tim.o(i.TIM_ICInit)
    i.TIM_ITConfig                           0x0800628c   Section        0  stm32f10x_tim.o(i.TIM_ITConfig)
    i.TIM_OC2PolarityConfig                  0x0800629e   Section        0  stm32f10x_tim.o(i.TIM_OC2PolarityConfig)
    i.TIM_SetCounter                         0x080062b8   Section        0  stm32f10x_tim.o(i.TIM_SetCounter)
    i.TIM_SetIC1Prescaler                    0x080062bc   Section        0  stm32f10x_tim.o(i.TIM_SetIC1Prescaler)
    i.TIM_SetIC2Prescaler                    0x080062ce   Section        0  stm32f10x_tim.o(i.TIM_SetIC2Prescaler)
    i.TIM_SetIC3Prescaler                    0x080062e8   Section        0  stm32f10x_tim.o(i.TIM_SetIC3Prescaler)
    i.TIM_SetIC4Prescaler                    0x080062fa   Section        0  stm32f10x_tim.o(i.TIM_SetIC4Prescaler)
    i.TIM_TimeBaseInit                       0x08006314   Section        0  stm32f10x_tim.o(i.TIM_TimeBaseInit)
    i.USART1_IRQHandler                      0x080063b8   Section        0  usart.o(i.USART1_IRQHandler)
    i.USART_Cmd                              0x08006440   Section        0  stm32f10x_usart.o(i.USART_Cmd)
    i.USART_GetITStatus                      0x08006458   Section        0  stm32f10x_usart.o(i.USART_GetITStatus)
    i.USART_ITConfig                         0x080064ac   Section        0  stm32f10x_usart.o(i.USART_ITConfig)
    i.USART_Init                             0x080064f8   Section        0  stm32f10x_usart.o(i.USART_Init)
    i.USART_ReceiveData                      0x080065d0   Section        0  stm32f10x_usart.o(i.USART_ReceiveData)
    i.UsageFault_Handler                     0x080065da   Section        0  stm32f10x_it.o(i.UsageFault_Handler)
    i._sys_exit                              0x080065de   Section        0  usart.o(i._sys_exit)
    i._ttywrch                               0x080065e4   Section        0  usart.o(i._ttywrch)
    i.checkDropSquareCanMoveLeftORRight      0x080065ec   Section        0  square.o(i.checkDropSquareCanMoveLeftORRight)
    i.checkLine                              0x08006628   Section        0  game.o(i.checkLine)
    i.checkNeedStop                          0x0800670c   Section        0  game.o(i.checkNeedStop)
    i.checkTwoSquareCrossHorizental          0x080067c0   Section        0  square.o(i.checkTwoSquareCrossHorizental)
    i.checkTwoSquareCrossVertical            0x08006830   Section        0  square.o(i.checkTwoSquareCrossVertical)
    i.clearDropGroup                         0x08006864   Section        0  game.o(i.clearDropGroup)
    i.delay_init                             0x08006880   Section        0  delay.o(i.delay_init)
    i.delay_ms                               0x080068c4   Section        0  delay.o(i.delay_ms)
    i.delay_us                               0x08006910   Section        0  delay.o(i.delay_us)
    i.doGame                                 0x0800695c   Section        0  main.o(i.doGame)
    i.drawDropGroup                          0x08006a24   Section        0  game.o(i.drawDropGroup)
    i.drawSimpleSquare                       0x08006a40   Section        0  square.o(i.drawSimpleSquare)
    i.drawSquare                             0x08006b10   Section        0  square.o(i.drawSquare)
    i.drawStopGroup                          0x08006bbc   Section        0  game.o(i.drawStopGroup)
    i.draw_gameFrame                         0x08006bd8   Section        0  gameframe.o(i.draw_gameFrame)
    i.draw_nextFrame                         0x08006c28   Section        0  gameframe.o(i.draw_nextFrame)
    i.draw_score                             0x08006cac   Section        0  gameframe.o(i.draw_score)
    i.draw_time                              0x08006cec   Section        0  gameframe.o(i.draw_time)
    i.dropSquare                             0x08006d2c   Section        0  square.o(i.dropSquare)
    i.fputc                                  0x08006d34   Section        0  usart.o(i.fputc)
    i.getKeyAction                           0x08006d50   Section        0  game.o(i.getKeyAction)
    i.getLossDropSquareCanDrop               0x08006da0   Section        0  square.o(i.getLossDropSquareCanDrop)
    i.getLossTempSquareCanDrop               0x08006de0   Section        0  square.o(i.getLossTempSquareCanDrop)
    i.getRemoteAction                        0x08006e1c   Section        0  game.o(i.getRemoteAction)
    i.getSquareSeek                          0x08006ecc   Section        0  square.o(i.getSquareSeek)
    i.initAll                                0x08006ef0   Section        0  main.o(i.initAll)
    i.initHeightHead                         0x08006f10   Section        0  square.o(i.initHeightHead)
    i.init_gameFrame                         0x08006f5c   Section        0  gameframe.o(i.init_gameFrame)
    i.init_nextFrame                         0x08007058   Section        0  gameframe.o(i.init_nextFrame)
    i.list_append                            0x080070a8   Section        0  list.o(i.list_append)
    i.list_remove                            0x080070c4   Section        0  list.o(i.list_remove)
    i.main                                   0x080070f0   Section        0  main.o(i.main)
    i.makeAction                             0x08007108   Section        0  game.o(i.makeAction)
    i.makeColor                              0x08007258   Section        0  squaregroup.o(i.makeColor)
    i.makeDrop                               0x080072b0   Section        0  game.o(i.makeDrop)
    i.makeSimpleSquareGroup                  0x080072d8   Section        0  squaregroup.o(i.makeSimpleSquareGroup)
    i.makeStopGroupDrop                      0x080073e4   Section        0  game.o(i.makeStopGroupDrop)
    i.refreshDropAttr                        0x08007450   Section        0  game.o(i.refreshDropAttr)
    i.refreshHeight                          0x080074b4   Section        0  square.o(i.refreshHeight)
    i.rotateSquareGroup                      0x08007528   Section        0  square.o(i.rotateSquareGroup)
    i.setSquareGroup                         0x080077fc   Section        0  square.o(i.setSquareGroup)
    i.shiftSquareLeft                        0x08007940   Section        0  square.o(i.shiftSquareLeft)
    i.shiftSquareRight                       0x08007948   Section        0  square.o(i.shiftSquareRight)
    i.showMenu                               0x08007950   Section        0  main.o(i.showMenu)
    i.showResult                             0x08007a40   Section        0  main.o(i.showResult)
    i.simpleClearSquare                      0x08007b74   Section        0  square.o(i.simpleClearSquare)
    i.uart_init                              0x08007ba0   Section        0  usart.o(i.uart_init)
    i.updateGame                             0x08007c40   Section        0  game.o(i.updateGame)
    x$fpl$dfixu                              0x08007d00   Section       90  dfixu.o(x$fpl$dfixu)
    x$fpl$dfltu                              0x08007d5a   Section       38  dflt_clz.o(x$fpl$dfltu)
    x$fpl$dmul                               0x08007d80   Section      340  dmul.o(x$fpl$dmul)
    x$fpl$dnaninf                            0x08007ed4   Section      156  dnaninf.o(x$fpl$dnaninf)
    x$fpl$dretinf                            0x08007f70   Section       12  dretinf.o(x$fpl$dretinf)
    .constdata                               0x08007f7c   Section     6080  lcd.o(.constdata)
    x$fpl$usenofp                            0x08007f7c   Section        0  usenofp.o(x$fpl$usenofp)
    .constdata                               0x0800973c   Section       40  _printf_hex_int.o(.constdata)
    uc_hextab                                0x0800973c   Data          20  _printf_hex_int.o(.constdata)
    lc_hextab                                0x08009750   Data          20  _printf_hex_int.o(.constdata)
    .data                                    0x20000000   Section        2  main.o(.data)
    .data                                    0x20000002   Section       28  game.o(.data)
    .data                                    0x2000001e   Section        2  square.o(.data)
    .data                                    0x20000020   Section       15  gameframe.o(.data)
    .data                                    0x2000002f   Section        9  squaregroup.o(.data)
    .data                                    0x20000038   Section        4  lcd.o(.data)
    .data                                    0x2000003c   Section        9  remote.o(.data)
    .data                                    0x20000045   Section        1  key.o(.data)
    key_up                                   0x20000045   Data           1  key.o(.data)
    .data                                    0x20000046   Section        4  delay.o(.data)
    fac_us                                   0x20000046   Data           1  delay.o(.data)
    fac_ms                                   0x20000048   Data           2  delay.o(.data)
    .data                                    0x2000004c   Section        6  usart.o(.data)
    .data                                    0x20000052   Section       20  stm32f10x_rcc.o(.data)
    APBAHBPrescTable                         0x20000052   Data          16  stm32f10x_rcc.o(.data)
    ADCPrescTable                            0x20000062   Data           4  stm32f10x_rcc.o(.data)
    .data                                    0x20000068   Section       20  system_stm32f10x.o(.data)
    .bss                                     0x2000007c   Section       80  gameframe.o(.bss)
    .bss                                     0x200000cc   Section       14  lcd.o(.bss)
    .bss                                     0x200000da   Section      200  usart.o(.bss)
    .bss                                     0x200001a4   Section      228  rand.o(.bss)
    .bss                                     0x20000288   Section       96  libspace.o(.bss)
    HEAP                                     0x200002e8   Section     2048  startup_stm32f10x_hd.o(HEAP)
    Heap_Mem                                 0x200002e8   Data        2048  startup_stm32f10x_hd.o(HEAP)
    STACK                                    0x20000ae8   Section     2304  startup_stm32f10x_hd.o(STACK)
    Stack_Mem                                0x20000ae8   Data        2304  startup_stm32f10x_hd.o(STACK)
    __initial_sp                             0x200013e8   Data           0  startup_stm32f10x_hd.o(STACK)

    Global Symbols

    Symbol Name                              Value     Ov Type        Size  Object(Section)

    BuildAttributes$$THM_ISAv4$P$D$K$B$S$PE$A:L22UL41UL21$X:L11$S22US41US21$IEEE1$IW$USESV6$~STKCKD$USESV7$~SHL$OTIME$ROPI$EBA8$UX$STANDARDLIB$REQ8$PRES8$EABIv2 0x00000000   Number         0  anon$$obj.o ABSOLUTE
    __ARM_use_no_argv                        0x00000000   Number         0  main.o ABSOLUTE
    __ARM_exceptions_init                     - Undefined Weak Reference
    __alloca_initialize                       - Undefined Weak Reference
    __arm_preinit_                            - Undefined Weak Reference
    __cpp_initialize__aeabi_                  - Undefined Weak Reference
    __cxa_finalize                            - Undefined Weak Reference
    __rt_locale                               - Undefined Weak Reference
    __sigvec_lookup                           - Undefined Weak Reference
    __user_heap_extent                        - Undefined Weak Reference
    _atexit_init                              - Undefined Weak Reference
    _call_atexit_fns                          - Undefined Weak Reference
    _clock_init                               - Undefined Weak Reference
    _fp_trap_init                             - Undefined Weak Reference
    _fp_trap_shutdown                         - Undefined Weak Reference
    _get_lc_collate                           - Undefined Weak Reference
    _get_lc_ctype                             - Undefined Weak Reference
    _get_lc_monetary                          - Undefined Weak Reference
    _get_lc_numeric                           - Undefined Weak Reference
    _get_lc_time                              - Undefined Weak Reference
    _getenv_init                              - Undefined Weak Reference
    _handle_redirection                       - Undefined Weak Reference
    _initio                                   - Undefined Weak Reference
    _mutex_acquire                            - Undefined Weak Reference
    _mutex_free                               - Undefined Weak Reference
    _mutex_release                            - Undefined Weak Reference
    _printf_post_padding                      - Undefined Weak Reference
    _printf_pre_padding                       - Undefined Weak Reference
    _printf_truncate_signed                   - Undefined Weak Reference
    _printf_truncate_unsigned                 - Undefined Weak Reference
    _signal_finish                            - Undefined Weak Reference
    _signal_init                              - Undefined Weak Reference
    _terminateio                              - Undefined Weak Reference
    __Vectors_Size                           0x00000130   Number         0  startup_stm32f10x_hd.o ABSOLUTE
    __Vectors                                0x08000000   Data           4  startup_stm32f10x_hd.o(RESET)
    __Vectors_End                            0x08000130   Data           0  startup_stm32f10x_hd.o(RESET)
    __main                                   0x08000131   Thumb Code     8  __main.o(!!!main)
    __scatterload                            0x08000139   Thumb Code     0  __scatter.o(!!!scatter)
    __scatterload_rt2                        0x08000139   Thumb Code    44  __scatter.o(!!!scatter)
    __scatterload_rt2_thumb_only             0x08000139   Thumb Code     0  __scatter.o(!!!scatter)
    __scatterload_null                       0x08000147   Thumb Code     0  __scatter.o(!!!scatter)
    __scatterload_copy                       0x0800016d   Thumb Code    26  __scatter_copy.o(!!handler_copy)
    __scatterload_zeroinit                   0x08000189   Thumb Code    28  __scatter_zi.o(!!handler_zi)
    _printf_percent                          0x080001a5   Thumb Code     0  _printf_percent.o(.ARM.Collect$$_printf_percent$$00000000)
    _printf_x                                0x080001a5   Thumb Code     0  _printf_x.o(.ARM.Collect$$_printf_percent$$0000000C)
    _printf_percent_end                      0x080001ab   Thumb Code     0  _printf_percent_end.o(.ARM.Collect$$_printf_percent$$00000017)
    __rt_lib_init                            0x080001af   Thumb Code     0  libinit.o(.ARM.Collect$$libinit$$00000000)
    __rt_lib_init_fp_1                       0x080001b1   Thumb Code     0  libinit2.o(.ARM.Collect$$libinit$$00000002)
    __rt_lib_init_heap_2                     0x080001b1   Thumb Code     0  libinit2.o(.ARM.Collect$$libinit$$00000005)
    __rt_lib_init_preinit_1                  0x080001b1   Thumb Code     0  libinit2.o(.ARM.Collect$$libinit$$00000004)
    __rt_lib_init_heap_1                     0x080001b9   Thumb Code     0  libinit2.o(.ARM.Collect$$libinit$$0000000A)
    __rt_lib_init_rand_2                     0x080001b9   Thumb Code     0  libinit2.o(.ARM.Collect$$libinit$$0000000D)
    __rt_lib_init_user_alloc_1               0x080001b9   Thumb Code     0  libinit2.o(.ARM.Collect$$libinit$$0000000C)
    __rt_lib_init_alloca_1                   0x080001bd   Thumb Code     0  libinit2.o(.ARM.Collect$$libinit$$0000002E)
    __rt_lib_init_argv_1                     0x080001bd   Thumb Code     0  libinit2.o(.ARM.Collect$$libinit$$0000002C)
    __rt_lib_init_atexit_1                   0x080001bd   Thumb Code     0  libinit2.o(.ARM.Collect$$libinit$$0000001B)
    __rt_lib_init_clock_1                    0x080001bd   Thumb Code     0  libinit2.o(.ARM.Collect$$libinit$$00000021)
    __rt_lib_init_cpp_1                      0x080001bd   Thumb Code     0  libinit2.o(.ARM.Collect$$libinit$$00000032)
    __rt_lib_init_exceptions_1               0x080001bd   Thumb Code     0  libinit2.o(.ARM.Collect$$libinit$$00000030)
    __rt_lib_init_fp_trap_1                  0x080001bd   Thumb Code     0  libinit2.o(.ARM.Collect$$libinit$$0000001F)
    __rt_lib_init_getenv_1                   0x080001bd   Thumb Code     0  libinit2.o(.ARM.Collect$$libinit$$00000023)
    __rt_lib_init_lc_collate_1               0x080001bd   Thumb Code     0  libinit2.o(.ARM.Collect$$libinit$$00000011)
    __rt_lib_init_lc_ctype_1                 0x080001bd   Thumb Code     0  libinit2.o(.ARM.Collect$$libinit$$00000013)
    __rt_lib_init_lc_monetary_1              0x080001bd   Thumb Code     0  libinit2.o(.ARM.Collect$$libinit$$00000015)
    __rt_lib_init_lc_numeric_1               0x080001bd   Thumb Code     0  libinit2.o(.ARM.Collect$$libinit$$00000017)
    __rt_lib_init_lc_time_1                  0x080001bd   Thumb Code     0  libinit2.o(.ARM.Collect$$libinit$$00000019)
    __rt_lib_init_rand_1                     0x080001bd   Thumb Code     0  libinit2.o(.ARM.Collect$$libinit$$0000000E)
    __rt_lib_init_return                     0x080001bd   Thumb Code     0  libinit2.o(.ARM.Collect$$libinit$$00000033)
    __rt_lib_init_signal_1                   0x080001bd   Thumb Code     0  libinit2.o(.ARM.Collect$$libinit$$0000001D)
    __rt_lib_init_stdio_1                    0x080001bd   Thumb Code     0  libinit2.o(.ARM.Collect$$libinit$$00000025)
    __rt_lib_shutdown                        0x080001bf   Thumb Code     0  libshutdown.o(.ARM.Collect$$libshutdown$$00000000)
    __rt_lib_shutdown_fp_trap_1              0x080001c1   Thumb Code     0  libshutdown2.o(.ARM.Collect$$libshutdown$$00000006)
    __rt_lib_shutdown_heap_1                 0x080001c1   Thumb Code     0  libshutdown2.o(.ARM.Collect$$libshutdown$$0000000E)
    __rt_lib_shutdown_return                 0x080001c1   Thumb Code     0  libshutdown2.o(.ARM.Collect$$libshutdown$$0000000F)
    __rt_lib_shutdown_signal_1               0x080001c1   Thumb Code     0  libshutdown2.o(.ARM.Collect$$libshutdown$$00000009)
    __rt_lib_shutdown_stdio_1                0x080001c1   Thumb Code     0  libshutdown2.o(.ARM.Collect$$libshutdown$$00000003)
    __rt_lib_shutdown_user_alloc_1           0x080001c1   Thumb Code     0  libshutdown2.o(.ARM.Collect$$libshutdown$$0000000B)
    __rt_entry                               0x080001c3   Thumb Code     0  __rtentry.o(.ARM.Collect$$rtentry$$00000000)
    __rt_entry_presh_1                       0x080001c3   Thumb Code     0  __rtentry2.o(.ARM.Collect$$rtentry$$00000002)
    __rt_entry_sh                            0x080001c3   Thumb Code     0  __rtentry4.o(.ARM.Collect$$rtentry$$00000004)
    __rt_entry_li                            0x080001c9   Thumb Code     0  __rtentry2.o(.ARM.Collect$$rtentry$$0000000A)
    __rt_entry_postsh_1                      0x080001c9   Thumb Code     0  __rtentry2.o(.ARM.Collect$$rtentry$$00000009)
    __rt_entry_main                          0x080001cd   Thumb Code     0  __rtentry2.o(.ARM.Collect$$rtentry$$0000000D)
    __rt_entry_postli_1                      0x080001cd   Thumb Code     0  __rtentry2.o(.ARM.Collect$$rtentry$$0000000C)
    __rt_exit                                0x080001d5   Thumb Code     0  rtexit.o(.ARM.Collect$$rtexit$$00000000)
    __rt_exit_ls                             0x080001d7   Thumb Code     0  rtexit2.o(.ARM.Collect$$rtexit$$00000003)
    __rt_exit_prels_1                        0x080001d7   Thumb Code     0  rtexit2.o(.ARM.Collect$$rtexit$$00000002)
    __rt_exit_exit                           0x080001db   Thumb Code     0  rtexit2.o(.ARM.Collect$$rtexit$$00000004)
    rand                                     0x080001e1   Thumb Code    48  rand.o(.emb_text)
    Reset_Handler                            0x08000215   Thumb Code     8  startup_stm32f10x_hd.o(.text)
    _maybe_terminate_alloc                   0x08000215   Thumb Code     0  maybetermalloc1.o(.emb_text)
    ADC1_2_IRQHandler                        0x0800022f   Thumb Code     0  startup_stm32f10x_hd.o(.text)
    ADC3_IRQHandler                          0x0800022f   Thumb Code     0  startup_stm32f10x_hd.o(.text)
    CAN1_RX1_IRQHandler                      0x0800022f   Thumb Code     0  startup_stm32f10x_hd.o(.text)
    CAN1_SCE_IRQHandler                      0x0800022f   Thumb Code     0  startup_stm32f10x_hd.o(.text)
    DMA1_Channel1_IRQHandler                 0x0800022f   Thumb Code     0  startup_stm32f10x_hd.o(.text)
    DMA1_Channel2_IRQHandler                 0x0800022f   Thumb Code     0  startup_stm32f10x_hd.o(.text)
    DMA1_Channel3_IRQHandler                 0x0800022f   Thumb Code     0  startup_stm32f10x_hd.o(.text)
    DMA1_Channel4_IRQHandler                 0x0800022f   Thumb Code     0  startup_stm32f10x_hd.o(.text)
    DMA1_Channel5_IRQHandler                 0x0800022f   Thumb Code     0  startup_stm32f10x_hd.o(.text)
    DMA1_Channel6_IRQHandler                 0x0800022f   Thumb Code     0  startup_stm32f10x_hd.o(.text)
    DMA1_Channel7_IRQHandler                 0x0800022f   Thumb Code     0  startup_stm32f10x_hd.o(.text)
    DMA2_Channel1_IRQHandler                 0x0800022f   Thumb Code     0  startup_stm32f10x_hd.o(.text)
    DMA2_Channel2_IRQHandler                 0x0800022f   Thumb Code     0  startup_stm32f10x_hd.o(.text)
    DMA2_Channel3_IRQHandler                 0x0800022f   Thumb Code     0  startup_stm32f10x_hd.o(.text)
    DMA2_Channel4_5_IRQHandler               0x0800022f   Thumb Code     0  startup_stm32f10x_hd.o(.text)
    EXTI0_IRQHandler                         0x0800022f   Thumb Code     0  startup_stm32f10x_hd.o(.text)
    EXTI15_10_IRQHandler                     0x0800022f   Thumb Code     0  startup_stm32f10x_hd.o(.text)
    EXTI1_IRQHandler                         0x0800022f   Thumb Code     0  startup_stm32f10x_hd.o(.text)
    EXTI2_IRQHandler                         0x0800022f   Thumb Code     0  startup_stm32f10x_hd.o(.text)
    EXTI3_IRQHandler                         0x0800022f   Thumb Code     0  startup_stm32f10x_hd.o(.text)
    EXTI4_IRQHandler                         0x0800022f   Thumb Code     0  startup_stm32f10x_hd.o(.text)
    EXTI9_5_IRQHandler                       0x0800022f   Thumb Code     0  startup_stm32f10x_hd.o(.text)
    FLASH_IRQHandler                         0x0800022f   Thumb Code     0  startup_stm32f10x_hd.o(.text)
    FSMC_IRQHandler                          0x0800022f   Thumb Code     0  startup_stm32f10x_hd.o(.text)
    I2C1_ER_IRQHandler                       0x0800022f   Thumb Code     0  startup_stm32f10x_hd.o(.text)
    I2C1_EV_IRQHandler                       0x0800022f   Thumb Code     0  startup_stm32f10x_hd.o(.text)
    I2C2_ER_IRQHandler                       0x0800022f   Thumb Code     0  startup_stm32f10x_hd.o(.text)
    I2C2_EV_IRQHandler                       0x0800022f   Thumb Code     0  startup_stm32f10x_hd.o(.text)
    PVD_IRQHandler                           0x0800022f   Thumb Code     0  startup_stm32f10x_hd.o(.text)
    RCC_IRQHandler                           0x0800022f   Thumb Code     0  startup_stm32f10x_hd.o(.text)
    RTCAlarm_IRQHandler                      0x0800022f   Thumb Code     0  startup_stm32f10x_hd.o(.text)
    RTC_IRQHandler                           0x0800022f   Thumb Code     0  startup_stm32f10x_hd.o(.text)
    SDIO_IRQHandler                          0x0800022f   Thumb Code     0  startup_stm32f10x_hd.o(.text)
    SPI1_IRQHandler                          0x0800022f   Thumb Code     0  startup_stm32f10x_hd.o(.text)
    SPI2_IRQHandler                          0x0800022f   Thumb Code     0  startup_stm32f10x_hd.o(.text)
    SPI3_IRQHandler                          0x0800022f   Thumb Code     0  startup_stm32f10x_hd.o(.text)
    TAMPER_IRQHandler                        0x0800022f   Thumb Code     0  startup_stm32f10x_hd.o(.text)
    TIM1_BRK_IRQHandler                      0x0800022f   Thumb Code     0  startup_stm32f10x_hd.o(.text)
    TIM1_CC_IRQHandler                       0x0800022f   Thumb Code     0  startup_stm32f10x_hd.o(.text)
    TIM1_TRG_COM_IRQHandler                  0x0800022f   Thumb Code     0  startup_stm32f10x_hd.o(.text)
    TIM1_UP_IRQHandler                       0x0800022f   Thumb Code     0  startup_stm32f10x_hd.o(.text)
    TIM2_IRQHandler                          0x0800022f   Thumb Code     0  startup_stm32f10x_hd.o(.text)
    TIM3_IRQHandler                          0x0800022f   Thumb Code     0  startup_stm32f10x_hd.o(.text)
    TIM4_IRQHandler                          0x0800022f   Thumb Code     0  startup_stm32f10x_hd.o(.text)
    TIM6_IRQHandler                          0x0800022f   Thumb Code     0  startup_stm32f10x_hd.o(.text)
    TIM7_IRQHandler                          0x0800022f   Thumb Code     0  startup_stm32f10x_hd.o(.text)
    TIM8_BRK_IRQHandler                      0x0800022f   Thumb Code     0  startup_stm32f10x_hd.o(.text)
    TIM8_CC_IRQHandler                       0x0800022f   Thumb Code     0  startup_stm32f10x_hd.o(.text)
    TIM8_TRG_COM_IRQHandler                  0x0800022f   Thumb Code     0  startup_stm32f10x_hd.o(.text)
    TIM8_UP_IRQHandler                       0x0800022f   Thumb Code     0  startup_stm32f10x_hd.o(.text)
    UART4_IRQHandler                         0x0800022f   Thumb Code     0  startup_stm32f10x_hd.o(.text)
    UART5_IRQHandler                         0x0800022f   Thumb Code     0  startup_stm32f10x_hd.o(.text)
    USART2_IRQHandler                        0x0800022f   Thumb Code     0  startup_stm32f10x_hd.o(.text)
    USART3_IRQHandler                        0x0800022f   Thumb Code     0  startup_stm32f10x_hd.o(.text)
    USBWakeUp_IRQHandler                     0x0800022f   Thumb Code     0  startup_stm32f10x_hd.o(.text)
    USB_HP_CAN1_TX_IRQHandler                0x0800022f   Thumb Code     0  startup_stm32f10x_hd.o(.text)
    USB_LP_CAN1_RX0_IRQHandler               0x0800022f   Thumb Code     0  startup_stm32f10x_hd.o(.text)
    WWDG_IRQHandler                          0x0800022f   Thumb Code     0  startup_stm32f10x_hd.o(.text)
    __user_initial_stackheap                 0x08000231   Thumb Code     0  startup_stm32f10x_hd.o(.text)
    __use_no_semihosting                     0x08000255   Thumb Code     2  use_no_semi_2.o(.text)
    malloc                                   0x08000257   Thumb Code    94  h1_alloc.o(.text)
    free                                     0x080002b5   Thumb Code    78  h1_free.o(.text)
    __2printf                                0x08000305   Thumb Code    20  noretval__2printf.o(.text)
    __printf                                 0x0800031d   Thumb Code   104  __printf.o(.text)
    _printf_int_hex                          0x08000385   Thumb Code    84  _printf_hex_int.o(.text)
    _printf_longlong_hex                     0x08000385   Thumb Code     0  _printf_hex_int.o(.text)
    srand                                    0x080003dd   Thumb Code    42  rand.o(.text)
    _rand_init                               0x08000407   Thumb Code     4  rand.o(.text)
    __use_two_region_memory                  0x08000419   Thumb Code     2  heapauxi.o(.text)
    __rt_heap_escrow                         0x0800041b   Thumb Code     2  heapauxi.o(.text)
    __rt_heap_expand                         0x0800041d   Thumb Code     2  heapauxi.o(.text)
    __I$use$semihosting                      0x0800041f   Thumb Code     0  use_no_semi.o(.text)
    __use_no_semihosting_swi                 0x0800041f   Thumb Code     2  use_no_semi.o(.text)
    __rt_heap_descriptor                     0x08000421   Thumb Code     8  rt_heap_descriptor_intlibspace.o(.text)
    __use_no_heap                            0x08000429   Thumb Code     2  hguard.o(.text)
    __heap$guard                             0x0800042b   Thumb Code     2  hguard.o(.text)
    _terminate_user_alloc                    0x0800042d   Thumb Code     2  init_alloc.o(.text)
    _init_user_alloc                         0x0800042f   Thumb Code     2  init_alloc.o(.text)
    __Heap_Full                              0x08000431   Thumb Code    34  init_alloc.o(.text)
    __Heap_Broken                            0x08000453   Thumb Code     6  init_alloc.o(.text)
    _init_alloc                              0x08000459   Thumb Code    94  init_alloc.o(.text)
    __Heap_Initialize                        0x080004b7   Thumb Code    10  h1_init.o(.text)
    __Heap_DescSize                          0x080004c1   Thumb Code     4  h1_init.o(.text)
    _printf_int_common                       0x080004c5   Thumb Code   178  _printf_intcommon.o(.text)
    _printf_char_file                        0x08000579   Thumb Code    32  _printf_char_file.o(.text)
    __user_libspace                          0x0800059d   Thumb Code     8  libspace.o(.text)
    __user_perproc_libspace                  0x0800059d   Thumb Code     0  libspace.o(.text)
    __user_perthread_libspace                0x0800059d   Thumb Code     0  libspace.o(.text)
    __Heap_ProvideMemory                     0x080005a5   Thumb Code    52  h1_extend.o(.text)
    _printf_char_common                      0x080005e3   Thumb Code    32  _printf_char_common.o(.text)
    ferror                                   0x08000609   Thumb Code     8  ferror.o(.text)
    __rt_SIGRTMEM                            0x08000611   Thumb Code    14  defsig_rtmem_outer.o(.text)
    __user_setup_stackheap                   0x0800061f   Thumb Code    74  sys_stackheap_outer.o(.text)
    exit                                     0x08000669   Thumb Code    12  exit.o(.text)
    __sig_exit                               0x08000675   Thumb Code    10  defsig_exit.o(.text)
    __rt_SIGRTMEM_inner                      0x08000681   Thumb Code    22  defsig_rtmem_inner.o(.text)
    __default_signal_display                 0x080006d1   Thumb Code    50  defsig_general.o(.text)
    BusFault_Handler                         0x08000703   Thumb Code     4  stm32f10x_it.o(i.BusFault_Handler)
    DebugMon_Handler                         0x08000707   Thumb Code     2  stm32f10x_it.o(i.DebugMon_Handler)
    GPIO_Init                                0x08000709   Thumb Code   278  stm32f10x_gpio.o(i.GPIO_Init)
    GPIO_PinRemapConfig                      0x08000821   Thumb Code   138  stm32f10x_gpio.o(i.GPIO_PinRemapConfig)
    GPIO_ReadInputDataBit                    0x080008b1   Thumb Code    18  stm32f10x_gpio.o(i.GPIO_ReadInputDataBit)
    GPIO_SetBits                             0x080008c3   Thumb Code     4  stm32f10x_gpio.o(i.GPIO_SetBits)
    HardFault_Handler                        0x080008c7   Thumb Code     4  stm32f10x_it.o(i.HardFault_Handler)
    KEY_Init                                 0x080008cd   Thumb Code    82  key.o(i.KEY_Init)
    KEY_Scan                                 0x0800092d   Thumb Code   154  key.o(i.KEY_Scan)
    LCD_Clear                                0x080009d5   Thumb Code   122  lcd.o(i.LCD_Clear)
    LCD_Display_Dir                          0x08000a5d   Thumb Code   444  lcd.o(i.LCD_Display_Dir)
    LCD_DrawLine                             0x08000c1d   Thumb Code   176  lcd.o(i.LCD_DrawLine)
    LCD_DrawPoint                            0x08000ccd   Thumb Code    52  lcd.o(i.LCD_DrawPoint)
    LCD_Fast_DrawPoint                       0x08000d0d   Thumb Code   854  lcd.o(i.LCD_Fast_DrawPoint)
    LCD_Fill                                 0x08001071   Thumb Code   200  lcd.o(i.LCD_Fill)
    LCD_Init                                 0x08001145   Thumb Code 15292  lcd.o(i.LCD_Init)
    LCD_Pow                                  0x08004d01   Thumb Code    22  lcd.o(i.LCD_Pow)
    LCD_RD_DATA                              0x08004d19   Thumb Code    98  lcd.o(i.LCD_RD_DATA)
    LCD_ReadReg                              0x08004d89   Thumb Code    16  lcd.o(i.LCD_ReadReg)
    LCD_SSD_BackLightSet                     0x08004d99   Thumb Code   198  lcd.o(i.LCD_SSD_BackLightSet)
    LCD_Scan_Dir                             0x08004e6d   Thumb Code  1112  lcd.o(i.LCD_Scan_Dir)
    LCD_SetCursor                            0x080052c5   Thumb Code   944  lcd.o(i.LCD_SetCursor)
    LCD_ShowChar                             0x08005681   Thumb Code   272  lcd.o(i.LCD_ShowChar)
    LCD_ShowNum                              0x080057a9   Thumb Code   148  lcd.o(i.LCD_ShowNum)
    LCD_ShowString                           0x0800583d   Thumb Code   102  lcd.o(i.LCD_ShowString)
    LCD_WR_DATAX                             0x080058a5   Thumb Code    28  lcd.o(i.LCD_WR_DATAX)
    LCD_WR_REG                               0x080058c9   Thumb Code    28  lcd.o(i.LCD_WR_REG)
    LCD_WriteRAM_Prepare                     0x080058ed   Thumb Code    12  lcd.o(i.LCD_WriteRAM_Prepare)
    LCD_WriteReg                             0x080058fd   Thumb Code    40  lcd.o(i.LCD_WriteReg)
    LED_Init                                 0x0800592d   Thumb Code    72  led.o(i.LED_Init)
    MemManage_Handler                        0x0800597d   Thumb Code     4  stm32f10x_it.o(i.MemManage_Handler)
    NMI_Handler                              0x08005981   Thumb Code     2  stm32f10x_it.o(i.NMI_Handler)
    NVIC_Init                                0x08005985   Thumb Code   100  misc.o(i.NVIC_Init)
    PendSV_Handler                           0x080059f5   Thumb Code     2  stm32f10x_it.o(i.PendSV_Handler)
    RCC_APB1PeriphClockCmd                   0x080059f9   Thumb Code    26  stm32f10x_rcc.o(i.RCC_APB1PeriphClockCmd)
    RCC_APB2PeriphClockCmd                   0x08005a19   Thumb Code    26  stm32f10x_rcc.o(i.RCC_APB2PeriphClockCmd)
    RCC_GetClocksFreq                        0x08005a39   Thumb Code   192  stm32f10x_rcc.o(i.RCC_GetClocksFreq)
    Remote_Init                              0x08005b0d   Thumb Code   176  remote.o(i.Remote_Init)
    Remote_Scan                              0x08005bc5   Thumb Code    92  remote.o(i.Remote_Scan)
    SVC_Handler                              0x08005c2d   Thumb Code     2  stm32f10x_it.o(i.SVC_Handler)
    SquareCopy                               0x08005d19   Thumb Code    30  square.o(i.SquareCopy)
    SysTick_CLKSourceConfig                  0x08005d37   Thumb Code    40  misc.o(i.SysTick_CLKSourceConfig)
    SysTick_Handler                          0x08005d5f   Thumb Code     2  stm32f10x_it.o(i.SysTick_Handler)
    SystemInit                               0x08005d61   Thumb Code    78  system_stm32f10x.o(i.SystemInit)
    TIM5_IRQHandler                          0x08006001   Thumb Code   384  remote.o(i.TIM5_IRQHandler)
    TIM_ClearFlag                            0x08006199   Thumb Code     6  stm32f10x_tim.o(i.TIM_ClearFlag)
    TIM_Cmd                                  0x0800619f   Thumb Code    24  stm32f10x_tim.o(i.TIM_Cmd)
    TIM_GetCapture2                          0x080061b7   Thumb Code     6  stm32f10x_tim.o(i.TIM_GetCapture2)
    TIM_GetITStatus                          0x080061bd   Thumb Code    34  stm32f10x_tim.o(i.TIM_GetITStatus)
    TIM_ICInit                               0x080061e1   Thumb Code   150  stm32f10x_tim.o(i.TIM_ICInit)
    TIM_ITConfig                             0x0800628d   Thumb Code    18  stm32f10x_tim.o(i.TIM_ITConfig)
    TIM_OC2PolarityConfig                    0x0800629f   Thumb Code    26  stm32f10x_tim.o(i.TIM_OC2PolarityConfig)
    TIM_SetCounter                           0x080062b9   Thumb Code     4  stm32f10x_tim.o(i.TIM_SetCounter)
    TIM_SetIC1Prescaler                      0x080062bd   Thumb Code    18  stm32f10x_tim.o(i.TIM_SetIC1Prescaler)
    TIM_SetIC2Prescaler                      0x080062cf   Thumb Code    26  stm32f10x_tim.o(i.TIM_SetIC2Prescaler)
    TIM_SetIC3Prescaler                      0x080062e9   Thumb Code    18  stm32f10x_tim.o(i.TIM_SetIC3Prescaler)
    TIM_SetIC4Prescaler                      0x080062fb   Thumb Code    26  stm32f10x_tim.o(i.TIM_SetIC4Prescaler)
    TIM_TimeBaseInit                         0x08006315   Thumb Code   122  stm32f10x_tim.o(i.TIM_TimeBaseInit)
    USART1_IRQHandler                        0x080063b9   Thumb Code   122  usart.o(i.USART1_IRQHandler)
    USART_Cmd                                0x08006441   Thumb Code    24  stm32f10x_usart.o(i.USART_Cmd)
    USART_GetITStatus                        0x08006459   Thumb Code    84  stm32f10x_usart.o(i.USART_GetITStatus)
    USART_ITConfig                           0x080064ad   Thumb Code    74  stm32f10x_usart.o(i.USART_ITConfig)
    USART_Init                               0x080064f9   Thumb Code   210  stm32f10x_usart.o(i.USART_Init)
    USART_ReceiveData                        0x080065d1   Thumb Code    10  stm32f10x_usart.o(i.USART_ReceiveData)
    UsageFault_Handler                       0x080065db   Thumb Code     4  stm32f10x_it.o(i.UsageFault_Handler)
    _sys_exit                                0x080065df   Thumb Code     6  usart.o(i._sys_exit)
    _ttywrch                                 0x080065e5   Thumb Code     6  usart.o(i._ttywrch)
    checkDropSquareCanMoveLeftORRight        0x080065ed   Thumb Code    52  square.o(i.checkDropSquareCanMoveLeftORRight)
    checkLine                                0x08006629   Thumb Code   206  game.o(i.checkLine)
    checkNeedStop                            0x0800670d   Thumb Code   152  game.o(i.checkNeedStop)
    checkTwoSquareCrossHorizental            0x080067c1   Thumb Code   108  square.o(i.checkTwoSquareCrossHorizental)
    checkTwoSquareCrossVertical              0x08006831   Thumb Code    48  square.o(i.checkTwoSquareCrossVertical)
    clearDropGroup                           0x08006865   Thumb Code    24  game.o(i.clearDropGroup)
    delay_init                               0x08006881   Thumb Code    50  delay.o(i.delay_init)
    delay_ms                                 0x080068c5   Thumb Code    72  delay.o(i.delay_ms)
    delay_us                                 0x08006911   Thumb Code    72  delay.o(i.delay_us)
    doGame                                   0x0800695d   Thumb Code   168  main.o(i.doGame)
    drawDropGroup                            0x08006a25   Thumb Code    24  game.o(i.drawDropGroup)
    drawSimpleSquare                         0x08006a41   Thumb Code   194  square.o(i.drawSimpleSquare)
    drawSquare                               0x08006b11   Thumb Code   160  square.o(i.drawSquare)
    drawStopGroup                            0x08006bbd   Thumb Code    24  game.o(i.drawStopGroup)
    draw_gameFrame                           0x08006bd9   Thumb Code    72  gameframe.o(i.draw_gameFrame)
    draw_nextFrame                           0x08006c29   Thumb Code   114  gameframe.o(i.draw_nextFrame)
    draw_score                               0x08006cad   Thumb Code    48  gameframe.o(i.draw_score)
    draw_time                                0x08006ced   Thumb Code    48  gameframe.o(i.draw_time)
    dropSquare                               0x08006d2d   Thumb Code     8  square.o(i.dropSquare)
    fputc                                    0x08006d35   Thumb Code    24  usart.o(i.fputc)
    getKeyAction                             0x08006d51   Thumb Code    62  game.o(i.getKeyAction)
    getLossDropSquareCanDrop                 0x08006da1   Thumb Code    56  square.o(i.getLossDropSquareCanDrop)
    getLossTempSquareCanDrop                 0x08006de1   Thumb Code    54  square.o(i.getLossTempSquareCanDrop)
    getRemoteAction                          0x08006e1d   Thumb Code   148  game.o(i.getRemoteAction)
    getSquareSeek                            0x08006ecd   Thumb Code    30  square.o(i.getSquareSeek)
    initAll                                  0x08006ef1   Thumb Code    32  main.o(i.initAll)
    initHeightHead                           0x08006f11   Thumb Code    66  square.o(i.initHeightHead)
    init_gameFrame                           0x08006f5d   Thumb Code   200  gameframe.o(i.init_gameFrame)
    init_nextFrame                           0x08007059   Thumb Code    72  gameframe.o(i.init_nextFrame)
    list_append                              0x080070a9   Thumb Code    24  list.o(i.list_append)
    list_remove                              0x080070c5   Thumb Code    40  list.o(i.list_remove)
    main                                     0x080070f1   Thumb Code    22  main.o(i.main)
    makeAction                               0x08007109   Thumb Code   268  game.o(i.makeAction)
    makeColor                                0x08007259   Thumb Code    82  squaregroup.o(i.makeColor)
    makeDrop                                 0x080072b1   Thumb Code    32  game.o(i.makeDrop)
    makeSimpleSquareGroup                    0x080072d9   Thumb Code   250  squaregroup.o(i.makeSimpleSquareGroup)
    makeStopGroupDrop                        0x080073e5   Thumb Code    96  game.o(i.makeStopGroupDrop)
    refreshDropAttr                          0x08007451   Thumb Code    76  game.o(i.refreshDropAttr)
    refreshHeight                            0x080074b5   Thumb Code   100  square.o(i.refreshHeight)
    rotateSquareGroup                        0x08007529   Thumb Code   702  square.o(i.rotateSquareGroup)
    setSquareGroup                           0x080077fd   Thumb Code   278  square.o(i.setSquareGroup)
    shiftSquareLeft                          0x08007941   Thumb Code     8  square.o(i.shiftSquareLeft)
    shiftSquareRight                         0x08007949   Thumb Code     8  square.o(i.shiftSquareRight)
    showMenu                                 0x08007951   Thumb Code   174  main.o(i.showMenu)
    showResult                               0x08007a41   Thumb Code   266  main.o(i.showResult)
    simpleClearSquare                        0x08007b75   Thumb Code    38  square.o(i.simpleClearSquare)
    uart_init                                0x08007ba1   Thumb Code   152  usart.o(i.uart_init)
    updateGame                               0x08007c41   Thumb Code   162  game.o(i.updateGame)
    __aeabi_d2uiz                            0x08007d01   Thumb Code     0  dfixu.o(x$fpl$dfixu)
    _dfixu                                   0x08007d01   Thumb Code    90  dfixu.o(x$fpl$dfixu)
    __aeabi_ui2d                             0x08007d5b   Thumb Code     0  dflt_clz.o(x$fpl$dfltu)
    _dfltu                                   0x08007d5b   Thumb Code    38  dflt_clz.o(x$fpl$dfltu)
    __aeabi_dmul                             0x08007d81   Thumb Code     0  dmul.o(x$fpl$dmul)
    _dmul                                    0x08007d81   Thumb Code   332  dmul.o(x$fpl$dmul)
    __fpl_dnaninf                            0x08007ed5   Thumb Code   156  dnaninf.o(x$fpl$dnaninf)
    __fpl_dretinf                            0x08007f71   Thumb Code    12  dretinf.o(x$fpl$dretinf)
    __I$use$fp                               0x08007f7c   Number         0  usenofp.o(x$fpl$usenofp)
    asc2_1206                                0x08007f7c   Data        1140  lcd.o(.constdata)
    asc2_1608                                0x080083f0   Data        1520  lcd.o(.constdata)
    asc2_2412                                0x080089e0   Data        3420  lcd.o(.constdata)
    Region$$Table$$Base                      0x08009764   Number         0  anon$$obj.o(Region$$Table)
    Region$$Table$$Limit                     0x08009784   Number         0  anon$$obj.o(Region$$Table)
    mSeconds                                 0x20000000   Data           2  main.o(.data)
    menuTime                                 0x20000002   Data           2  game.o(.data)
    gameOver                                 0x20000004   Data           1  game.o(.data)
    PressKey                                 0x20000005   Data           1  game.o(.data)
    ACTION_LEFT                              0x20000006   Data           2  game.o(.data)
    ACTION_RIGHT                             0x20000008   Data           2  game.o(.data)
    ACTION_CHANGE                            0x2000000a   Data           2  game.o(.data)
    ACTION_STOP                              0x2000000c   Data           2  game.o(.data)
    ACTION_DOWN                              0x2000000e   Data           2  game.o(.data)
    ACTION_UP                                0x20000010   Data           2  game.o(.data)
    originSpeed                              0x20000012   Data           1  game.o(.data)
    changeSpeed                              0x20000013   Data           1  game.o(.data)
    maxSpeed                                 0x20000014   Data           1  game.o(.data)
    gameTime                                 0x20000016   Data           2  game.o(.data)
    refreshMs                                0x20000018   Data           2  game.o(.data)
    nowSpeed                                 0x2000001a   Data           1  game.o(.data)
    continueSeek                             0x2000001b   Data           1  game.o(.data)
    cleanLineSeek                            0x2000001c   Data           1  game.o(.data)
    stopTime                                 0x2000001d   Data           1  game.o(.data)
    SQUARE_COLOR                             0x2000001e   Data           2  square.o(.data)
    heightHead                               0x20000020   Data           4  gameframe.o(.data)
    SQUARE_LENGTH                            0x20000024   Data           2  gameframe.o(.data)
    SIMPLE_SQUARE_LENGTH                     0x20000026   Data           1  gameframe.o(.data)
    SQUARE_GROUP_NUM                         0x20000027   Data           1  gameframe.o(.data)
    dropXmin                                 0x20000028   Data           1  gameframe.o(.data)
    dropXmax                                 0x20000029   Data           1  gameframe.o(.data)
    dropYmax                                 0x2000002a   Data           2  gameframe.o(.data)
    score                                    0x2000002c   Data           2  gameframe.o(.data)
    score_change                             0x2000002e   Data           1  gameframe.o(.data)
    sa                                       0x2000002f   Data           2  squaregroup.o(.data)
    sb                                       0x20000031   Data           2  squaregroup.o(.data)
    sc                                       0x20000033   Data           2  squaregroup.o(.data)
    sd                                       0x20000035   Data           2  squaregroup.o(.data)
    makeNextSeek                             0x20000037   Data           1  squaregroup.o(.data)
    POINT_COLOR                              0x20000038   Data           2  lcd.o(.data)
    BACK_COLOR                               0x2000003a   Data           2  lcd.o(.data)
    RmtSta                                   0x2000003c   Data           1  remote.o(.data)
    Dval                                     0x2000003e   Data           2  remote.o(.data)
    RmtRec                                   0x20000040   Data           4  remote.o(.data)
    RmtCnt                                   0x20000044   Data           1  remote.o(.data)
    __stdout                                 0x2000004c   Data           4  usart.o(.data)
    USART_RX_STA                             0x20000050   Data           2  usart.o(.data)
    SystemCoreClock                          0x20000068   Data           4  system_stm32f10x.o(.data)
    AHBPrescTable                            0x2000006c   Data          16  system_stm32f10x.o(.data)
    GameFrame                                0x2000007c   Data          22  gameframe.o(.bss)
    NextFrame                                0x20000092   Data          10  gameframe.o(.bss)
    HeadSquare                               0x2000009c   Data          12  gameframe.o(.bss)
    DropSquareHead                           0x200000a8   Data          12  gameframe.o(.bss)
    tempSquareHead                           0x200000b4   Data          12  gameframe.o(.bss)
    NULLSQUARE                               0x200000c0   Data          12  gameframe.o(.bss)
    lcddev                                   0x200000cc   Data          14  lcd.o(.bss)
    USART_RX_BUF                             0x200000da   Data         200  usart.o(.bss)
    _random_number_data                      0x200001a4   Data         228  rand.o(.bss)
    __libspace_start                         0x20000288   Data          96  libspace.o(.bss)
    __temporary_stack_top$libspace           0x200002e8   Data           0  libspace.o(.bss)



==============================================================================

Memory Map of the image

  Image Entry point : 0x08000131

  Load Region LR_IROM1 (Base: 0x08000000, Size: 0x00009800, Max: 0x00040000, ABSOLUTE)

    Execution Region ER_IROM1 (Base: 0x08000000, Size: 0x00009784, Max: 0x00040000, ABSOLUTE)

    Base Addr    Size         Type   Attr      Idx    E Section Name        Object

    0x08000000   0x00000130   Data   RO         2093    RESET               startup_stm32f10x_hd.o
    0x08000130   0x00000008   Code   RO         2257  * !!!main             c_w.l(__main.o)
    0x08000138   0x00000034   Code   RO         2485    !!!scatter          c_w.l(__scatter.o)
    0x0800016c   0x0000001a   Code   RO         2487    !!handler_copy      c_w.l(__scatter_copy.o)
    0x08000186   0x00000002   PAD
    0x08000188   0x0000001c   Code   RO         2489    !!handler_zi        c_w.l(__scatter_zi.o)
    0x080001a4   0x00000000   Code   RO         2249    .ARM.Collect$$_printf_percent$$00000000  c_w.l(_printf_percent.o)
    0x080001a4   0x00000006   Code   RO         2247    .ARM.Collect$$_printf_percent$$0000000C  c_w.l(_printf_x.o)
    0x080001aa   0x00000004   Code   RO         2305    .ARM.Collect$$_printf_percent$$00000017  c_w.l(_printf_percent_end.o)
    0x080001ae   0x00000002   Code   RO         2429    .ARM.Collect$$libinit$$00000000  c_w.l(libinit.o)
    0x080001b0   0x00000000   Code   RO         2311    .ARM.Collect$$libinit$$00000002  c_w.l(libinit2.o)
    0x080001b0   0x00000000   Code   RO         2313    .ARM.Collect$$libinit$$00000004  c_w.l(libinit2.o)
    0x080001b0   0x00000008   Code   RO         2314    .ARM.Collect$$libinit$$00000005  c_w.l(libinit2.o)
    0x080001b8   0x00000000   Code   RO         2316    .ARM.Collect$$libinit$$0000000A  c_w.l(libinit2.o)
    0x080001b8   0x00000000   Code   RO         2318    .ARM.Collect$$libinit$$0000000C  c_w.l(libinit2.o)
    0x080001b8   0x00000004   Code   RO         2319    .ARM.Collect$$libinit$$0000000D  c_w.l(libinit2.o)
    0x080001bc   0x00000000   Code   RO         2320    .ARM.Collect$$libinit$$0000000E  c_w.l(libinit2.o)
    0x080001bc   0x00000000   Code   RO         2323    .ARM.Collect$$libinit$$00000011  c_w.l(libinit2.o)
    0x080001bc   0x00000000   Code   RO         2325    .ARM.Collect$$libinit$$00000013  c_w.l(libinit2.o)
    0x080001bc   0x00000000   Code   RO         2327    .ARM.Collect$$libinit$$00000015  c_w.l(libinit2.o)
    0x080001bc   0x00000000   Code   RO         2329    .ARM.Collect$$libinit$$00000017  c_w.l(libinit2.o)
    0x080001bc   0x00000000   Code   RO         2331    .ARM.Collect$$libinit$$00000019  c_w.l(libinit2.o)
    0x080001bc   0x00000000   Code   RO         2333    .ARM.Collect$$libinit$$0000001B  c_w.l(libinit2.o)
    0x080001bc   0x00000000   Code   RO         2335    .ARM.Collect$$libinit$$0000001D  c_w.l(libinit2.o)
    0x080001bc   0x00000000   Code   RO         2337    .ARM.Collect$$libinit$$0000001F  c_w.l(libinit2.o)
    0x080001bc   0x00000000   Code   RO         2339    .ARM.Collect$$libinit$$00000021  c_w.l(libinit2.o)
    0x080001bc   0x00000000   Code   RO         2341    .ARM.Collect$$libinit$$00000023  c_w.l(libinit2.o)
    0x080001bc   0x00000000   Code   RO         2343    .ARM.Collect$$libinit$$00000025  c_w.l(libinit2.o)
    0x080001bc   0x00000000   Code   RO         2347    .ARM.Collect$$libinit$$0000002C  c_w.l(libinit2.o)
    0x080001bc   0x00000000   Code   RO         2349    .ARM.Collect$$libinit$$0000002E  c_w.l(libinit2.o)
    0x080001bc   0x00000000   Code   RO         2351    .ARM.Collect$$libinit$$00000030  c_w.l(libinit2.o)
    0x080001bc   0x00000000   Code   RO         2353    .ARM.Collect$$libinit$$00000032  c_w.l(libinit2.o)
    0x080001bc   0x00000002   Code   RO         2354    .ARM.Collect$$libinit$$00000033  c_w.l(libinit2.o)
    0x080001be   0x00000002   Code   RO         2482    .ARM.Collect$$libshutdown$$00000000  c_w.l(libshutdown.o)
    0x080001c0   0x00000000   Code   RO         2442    .ARM.Collect$$libshutdown$$00000003  c_w.l(libshutdown2.o)
    0x080001c0   0x00000000   Code   RO         2445    .ARM.Collect$$libshutdown$$00000006  c_w.l(libshutdown2.o)
    0x080001c0   0x00000000   Code   RO         2448    .ARM.Collect$$libshutdown$$00000009  c_w.l(libshutdown2.o)
    0x080001c0   0x00000000   Code   RO         2450    .ARM.Collect$$libshutdown$$0000000B  c_w.l(libshutdown2.o)
    0x080001c0   0x00000000   Code   RO         2453    .ARM.Collect$$libshutdown$$0000000E  c_w.l(libshutdown2.o)
    0x080001c0   0x00000002   Code   RO         2454    .ARM.Collect$$libshutdown$$0000000F  c_w.l(libshutdown2.o)
    0x080001c2   0x00000000   Code   RO         2275    .ARM.Collect$$rtentry$$00000000  c_w.l(__rtentry.o)
    0x080001c2   0x00000000   Code   RO         2366    .ARM.Collect$$rtentry$$00000002  c_w.l(__rtentry2.o)
    0x080001c2   0x00000006   Code   RO         2378    .ARM.Collect$$rtentry$$00000004  c_w.l(__rtentry4.o)
    0x080001c8   0x00000000   Code   RO         2368    .ARM.Collect$$rtentry$$00000009  c_w.l(__rtentry2.o)
    0x080001c8   0x00000004   Code   RO         2369    .ARM.Collect$$rtentry$$0000000A  c_w.l(__rtentry2.o)
    0x080001cc   0x00000000   Code   RO         2371    .ARM.Collect$$rtentry$$0000000C  c_w.l(__rtentry2.o)
    0x080001cc   0x00000008   Code   RO         2372    .ARM.Collect$$rtentry$$0000000D  c_w.l(__rtentry2.o)
    0x080001d4   0x00000002   Code   RO         2430    .ARM.Collect$$rtexit$$00000000  c_w.l(rtexit.o)
    0x080001d6   0x00000000   Code   RO         2456    .ARM.Collect$$rtexit$$00000002  c_w.l(rtexit2.o)
    0x080001d6   0x00000004   Code   RO         2457    .ARM.Collect$$rtexit$$00000003  c_w.l(rtexit2.o)
    0x080001da   0x00000006   Code   RO         2458    .ARM.Collect$$rtexit$$00000004  c_w.l(rtexit2.o)
    0x080001e0   0x00000034   Code   RO         2250    .emb_text           c_w.l(rand.o)
    0x08000214   0x00000000   Code   RO         2382    .emb_text           c_w.l(maybetermalloc1.o)
    0x08000214   0x00000040   Code   RO         2094    .text               startup_stm32f10x_hd.o
    0x08000254   0x00000002   Code   RO         2134    .text               c_w.l(use_no_semi_2.o)
    0x08000256   0x0000005e   Code   RO         2140    .text               c_w.l(h1_alloc.o)
    0x080002b4   0x0000004e   Code   RO         2142    .text               c_w.l(h1_free.o)
    0x08000302   0x00000002   PAD
    0x08000304   0x00000018   Code   RO         2200    .text               c_w.l(noretval__2printf.o)
    0x0800031c   0x00000068   Code   RO         2202    .text               c_w.l(__printf.o)
    0x08000384   0x00000058   Code   RO         2209    .text               c_w.l(_printf_hex_int.o)
    0x080003dc   0x0000003c   Code   RO         2251    .text               c_w.l(rand.o)
    0x08000418   0x00000006   Code   RO         2255    .text               c_w.l(heapauxi.o)
    0x0800041e   0x00000002   Code   RO         2271    .text               c_w.l(use_no_semi.o)
    0x08000420   0x00000008   Code   RO         2279    .text               c_w.l(rt_heap_descriptor_intlibspace.o)
    0x08000428   0x00000004   Code   RO         2281    .text               c_w.l(hguard.o)
    0x0800042c   0x0000008a   Code   RO         2283    .text               c_w.l(init_alloc.o)
    0x080004b6   0x0000000e   Code   RO         2287    .text               c_w.l(h1_init.o)
    0x080004c4   0x000000b2   Code   RO         2301    .text               c_w.l(_printf_intcommon.o)
    0x08000576   0x00000002   PAD
    0x08000578   0x00000024   Code   RO         2303    .text               c_w.l(_printf_char_file.o)
    0x0800059c   0x00000008   Code   RO         2362    .text               c_w.l(libspace.o)
    0x080005a4   0x00000034   Code   RO         2384    .text               c_w.l(h1_extend.o)
    0x080005d8   0x00000030   Code   RO         2388    .text               c_w.l(_printf_char_common.o)
    0x08000608   0x00000008   Code   RO         2390    .text               c_w.l(ferror.o)
    0x08000610   0x0000000e   Code   RO         2394    .text               c_w.l(defsig_rtmem_outer.o)
    0x0800061e   0x0000004a   Code   RO         2406    .text               c_w.l(sys_stackheap_outer.o)
    0x08000668   0x0000000c   Code   RO         2414    .text               c_w.l(exit.o)
    0x08000674   0x0000000a   Code   RO         2416    .text               c_w.l(defsig_exit.o)
    0x0800067e   0x00000002   PAD
    0x08000680   0x00000050   Code   RO         2418    .text               c_w.l(defsig_rtmem_inner.o)
    0x080006d0   0x00000032   Code   RO         2438    .text               c_w.l(defsig_general.o)
    0x08000702   0x00000004   Code   RO          924    i.BusFault_Handler  stm32f10x_it.o
    0x08000706   0x00000002   Code   RO          925    i.DebugMon_Handler  stm32f10x_it.o
    0x08000708   0x00000116   Code   RO         1055    i.GPIO_Init         stm32f10x_gpio.o
    0x0800081e   0x00000002   PAD
    0x08000820   0x00000090   Code   RO         1057    i.GPIO_PinRemapConfig  stm32f10x_gpio.o
    0x080008b0   0x00000012   Code   RO         1059    i.GPIO_ReadInputDataBit  stm32f10x_gpio.o
    0x080008c2   0x00000004   Code   RO         1063    i.GPIO_SetBits      stm32f10x_gpio.o
    0x080008c6   0x00000004   Code   RO          926    i.HardFault_Handler  stm32f10x_it.o
    0x080008ca   0x00000002   PAD
    0x080008cc   0x00000060   Code   RO          784    i.KEY_Init          key.o
    0x0800092c   0x000000a8   Code   RO          785    i.KEY_Scan          key.o
    0x080009d4   0x00000088   Code   RO          533    i.LCD_Clear         lcd.o
    0x08000a5c   0x000001c0   Code   RO          537    i.LCD_Display_Dir   lcd.o
    0x08000c1c   0x000000b0   Code   RO          538    i.LCD_DrawLine      lcd.o
    0x08000ccc   0x00000040   Code   RO          539    i.LCD_DrawPoint     lcd.o
    0x08000d0c   0x00000364   Code   RO          542    i.LCD_Fast_DrawPoint  lcd.o
    0x08001070   0x000000d4   Code   RO          543    i.LCD_Fill          lcd.o
    0x08001144   0x00003bbc   Code   RO          544    i.LCD_Init          lcd.o
    0x08004d00   0x00000016   Code   RO          545    i.LCD_Pow           lcd.o
    0x08004d16   0x00000002   PAD
    0x08004d18   0x00000070   Code   RO          546    i.LCD_RD_DATA       lcd.o
    0x08004d88   0x00000010   Code   RO          548    i.LCD_ReadReg       lcd.o
    0x08004d98   0x000000d4   Code   RO          549    i.LCD_SSD_BackLightSet  lcd.o
    0x08004e6c   0x00000458   Code   RO          550    i.LCD_Scan_Dir      lcd.o
    0x080052c4   0x000003bc   Code   RO          551    i.LCD_SetCursor     lcd.o
    0x08005680   0x00000128   Code   RO          553    i.LCD_ShowChar      lcd.o
    0x080057a8   0x00000094   Code   RO          554    i.LCD_ShowNum       lcd.o
    0x0800583c   0x00000066   Code   RO          555    i.LCD_ShowString    lcd.o
    0x080058a2   0x00000002   PAD
    0x080058a4   0x00000024   Code   RO          557    i.LCD_WR_DATAX      lcd.o
    0x080058c8   0x00000024   Code   RO          558    i.LCD_WR_REG        lcd.o
    0x080058ec   0x00000010   Code   RO          560    i.LCD_WriteRAM_Prepare  lcd.o
    0x080058fc   0x00000030   Code   RO          561    i.LCD_WriteReg      lcd.o
    0x0800592c   0x00000050   Code   RO          739    i.LED_Init          led.o
    0x0800597c   0x00000004   Code   RO          927    i.MemManage_Handler  stm32f10x_it.o
    0x08005980   0x00000002   Code   RO          928    i.NMI_Handler       stm32f10x_it.o
    0x08005982   0x00000002   PAD
    0x08005984   0x00000070   Code   RO         1013    i.NVIC_Init         misc.o
    0x080059f4   0x00000002   Code   RO          929    i.PendSV_Handler    stm32f10x_it.o
    0x080059f6   0x00000002   PAD
    0x080059f8   0x00000020   Code   RO         1165    i.RCC_APB1PeriphClockCmd  stm32f10x_rcc.o
    0x08005a18   0x00000020   Code   RO         1167    i.RCC_APB2PeriphClockCmd  stm32f10x_rcc.o
    0x08005a38   0x000000d4   Code   RO         1175    i.RCC_GetClocksFreq  stm32f10x_rcc.o
    0x08005b0c   0x000000b8   Code   RO          754    i.Remote_Init       remote.o
    0x08005bc4   0x00000068   Code   RO          755    i.Remote_Scan       remote.o
    0x08005c2c   0x00000002   Code   RO          930    i.SVC_Handler       stm32f10x_it.o
    0x08005c2e   0x00000008   Code   RO         2098    i.SetSysClock       system_stm32f10x.o
    0x08005c36   0x00000002   PAD
    0x08005c38   0x000000e0   Code   RO         2099    i.SetSysClockTo72   system_stm32f10x.o
    0x08005d18   0x0000001e   Code   RO          273    i.SquareCopy        square.o
    0x08005d36   0x00000028   Code   RO         1017    i.SysTick_CLKSourceConfig  misc.o
    0x08005d5e   0x00000002   Code   RO          931    i.SysTick_Handler   stm32f10x_it.o
    0x08005d60   0x00000060   Code   RO         2101    i.SystemInit        system_stm32f10x.o
    0x08005dc0   0x00000080   Code   RO         1363    i.TI1_Config        stm32f10x_tim.o
    0x08005e40   0x00000098   Code   RO         1364    i.TI2_Config        stm32f10x_tim.o
    0x08005ed8   0x00000090   Code   RO         1365    i.TI3_Config        stm32f10x_tim.o
    0x08005f68   0x00000098   Code   RO         1366    i.TI4_Config        stm32f10x_tim.o
    0x08006000   0x00000198   Code   RO          756    i.TIM5_IRQHandler   remote.o
    0x08006198   0x00000006   Code   RO         1373    i.TIM_ClearFlag     stm32f10x_tim.o
    0x0800619e   0x00000018   Code   RO         1379    i.TIM_Cmd           stm32f10x_tim.o
    0x080061b6   0x00000006   Code   RO         1395    i.TIM_GetCapture2   stm32f10x_tim.o
    0x080061bc   0x00000022   Code   RO         1400    i.TIM_GetITStatus   stm32f10x_tim.o
    0x080061de   0x00000002   PAD
    0x080061e0   0x000000ac   Code   RO         1402    i.TIM_ICInit        stm32f10x_tim.o
    0x0800628c   0x00000012   Code   RO         1404    i.TIM_ITConfig      stm32f10x_tim.o
    0x0800629e   0x0000001a   Code   RO         1415    i.TIM_OC2PolarityConfig  stm32f10x_tim.o
    0x080062b8   0x00000004   Code   RO         1444    i.TIM_SetCounter    stm32f10x_tim.o
    0x080062bc   0x00000012   Code   RO         1445    i.TIM_SetIC1Prescaler  stm32f10x_tim.o
    0x080062ce   0x0000001a   Code   RO         1446    i.TIM_SetIC2Prescaler  stm32f10x_tim.o
    0x080062e8   0x00000012   Code   RO         1447    i.TIM_SetIC3Prescaler  stm32f10x_tim.o
    0x080062fa   0x0000001a   Code   RO         1448    i.TIM_SetIC4Prescaler  stm32f10x_tim.o
    0x08006314   0x000000a4   Code   RO         1450    i.TIM_TimeBaseInit  stm32f10x_tim.o
    0x080063b8   0x00000088   Code   RO          867    i.USART1_IRQHandler  usart.o
    0x08006440   0x00000018   Code   RO         1915    i.USART_Cmd         stm32f10x_usart.o
    0x08006458   0x00000054   Code   RO         1919    i.USART_GetITStatus  stm32f10x_usart.o
    0x080064ac   0x0000004a   Code   RO         1921    i.USART_ITConfig    stm32f10x_usart.o
    0x080064f6   0x00000002   PAD
    0x080064f8   0x000000d8   Code   RO         1922    i.USART_Init        stm32f10x_usart.o
    0x080065d0   0x0000000a   Code   RO         1929    i.USART_ReceiveData  stm32f10x_usart.o
    0x080065da   0x00000004   Code   RO          932    i.UsageFault_Handler  stm32f10x_it.o
    0x080065de   0x00000006   Code   RO          868    i._sys_exit         usart.o
    0x080065e4   0x00000006   Code   RO          869    i._ttywrch          usart.o
    0x080065ea   0x00000002   PAD
    0x080065ec   0x0000003c   Code   RO          275    i.checkDropSquareCanMoveLeftORRight  square.o
    0x08006628   0x000000e4   Code   RO          171    i.checkLine         game.o
    0x0800670c   0x000000b4   Code   RO          172    i.checkNeedStop     game.o
    0x080067c0   0x00000070   Code   RO          276    i.checkTwoSquareCrossHorizental  square.o
    0x08006830   0x00000034   Code   RO          277    i.checkTwoSquareCrossVertical  square.o
    0x08006864   0x0000001c   Code   RO          173    i.clearDropGroup    game.o
    0x08006880   0x00000044   Code   RO          806    i.delay_init        delay.o
    0x080068c4   0x0000004c   Code   RO          807    i.delay_ms          delay.o
    0x08006910   0x0000004c   Code   RO          808    i.delay_us          delay.o
    0x0800695c   0x000000c8   Code   RO            1    i.doGame            main.o
    0x08006a24   0x0000001c   Code   RO          174    i.drawDropGroup     game.o
    0x08006a40   0x000000d0   Code   RO          279    i.drawSimpleSquare  square.o
    0x08006b10   0x000000ac   Code   RO          280    i.drawSquare        square.o
    0x08006bbc   0x0000001c   Code   RO          175    i.drawStopGroup     game.o
    0x08006bd8   0x00000050   Code   RO          422    i.draw_gameFrame    gameframe.o
    0x08006c28   0x00000084   Code   RO          423    i.draw_nextFrame    gameframe.o
    0x08006cac   0x00000040   Code   RO          424    i.draw_score        gameframe.o
    0x08006cec   0x00000040   Code   RO          425    i.draw_time         gameframe.o
    0x08006d2c   0x00000008   Code   RO          281    i.dropSquare        square.o
    0x08006d34   0x0000001c   Code   RO          870    i.fputc             usart.o
    0x08006d50   0x00000050   Code   RO          176    i.getKeyAction      game.o
    0x08006da0   0x00000040   Code   RO          283    i.getLossDropSquareCanDrop  square.o
    0x08006de0   0x0000003c   Code   RO          284    i.getLossTempSquareCanDrop  square.o
    0x08006e1c   0x000000b0   Code   RO          177    i.getRemoteAction   game.o
    0x08006ecc   0x00000024   Code   RO          285    i.getSquareSeek     square.o
    0x08006ef0   0x00000020   Code   RO            2    i.initAll           main.o
    0x08006f10   0x0000004c   Code   RO          287    i.initHeightHead    square.o
    0x08006f5c   0x000000fc   Code   RO          426    i.init_gameFrame    gameframe.o
    0x08007058   0x00000050   Code   RO          427    i.init_nextFrame    gameframe.o
    0x080070a8   0x0000001c   Code   RO          479    i.list_append       list.o
    0x080070c4   0x0000002c   Code   RO          480    i.list_remove       list.o
    0x080070f0   0x00000016   Code   RO            3    i.main              main.o
    0x08007106   0x00000002   PAD
    0x08007108   0x00000150   Code   RO          179    i.makeAction        game.o
    0x08007258   0x00000058   Code   RO          503    i.makeColor         squaregroup.o
    0x080072b0   0x00000028   Code   RO          180    i.makeDrop          game.o
    0x080072d8   0x0000010c   Code   RO          504    i.makeSimpleSquareGroup  squaregroup.o
    0x080073e4   0x0000006c   Code   RO          181    i.makeStopGroupDrop  game.o
    0x08007450   0x00000064   Code   RO          182    i.refreshDropAttr   game.o
    0x080074b4   0x00000074   Code   RO          289    i.refreshHeight     square.o
    0x08007528   0x000002d4   Code   RO          290    i.rotateSquareGroup  square.o
    0x080077fc   0x00000144   Code   RO          291    i.setSquareGroup    square.o
    0x08007940   0x00000008   Code   RO          292    i.shiftSquareLeft   square.o
    0x08007948   0x00000008   Code   RO          293    i.shiftSquareRight  square.o
    0x08007950   0x000000f0   Code   RO            4    i.showMenu          main.o
    0x08007a40   0x00000134   Code   RO            5    i.showResult        main.o
    0x08007b74   0x0000002c   Code   RO          294    i.simpleClearSquare  square.o
    0x08007ba0   0x000000a0   Code   RO          871    i.uart_init         usart.o
    0x08007c40   0x000000c0   Code   RO          183    i.updateGame        game.o
    0x08007d00   0x0000005a   Code   RO         2259    x$fpl$dfixu         fz_ws.l(dfixu.o)
    0x08007d5a   0x00000026   Code   RO         2263    x$fpl$dfltu         fz_ws.l(dflt_clz.o)
    0x08007d80   0x00000154   Code   RO         2269    x$fpl$dmul          fz_ws.l(dmul.o)
    0x08007ed4   0x0000009c   Code   RO         2355    x$fpl$dnaninf       fz_ws.l(dnaninf.o)
    0x08007f70   0x0000000c   Code   RO         2357    x$fpl$dretinf       fz_ws.l(dretinf.o)
    0x08007f7c   0x00000000   Code   RO         2359    x$fpl$usenofp       fz_ws.l(usenofp.o)
    0x08007f7c   0x000017c0   Data   RO          564    .constdata          lcd.o
    0x0800973c   0x00000028   Data   RO         2210    .constdata          c_w.l(_printf_hex_int.o)
    0x08009764   0x00000020   Data   RO         2483    Region$$Table       anon$$obj.o


    Execution Region RW_IRAM1 (Base: 0x20000000, Size: 0x000013e8, Max: 0x0000c000, ABSOLUTE)

    Base Addr    Size         Type   Attr      Idx    E Section Name        Object

    0x20000000   0x00000002   Data   RW            6    .data               main.o
    0x20000002   0x0000001c   Data   RW          184    .data               game.o
    0x2000001e   0x00000002   Data   RW          295    .data               square.o
    0x20000020   0x0000000f   Data   RW          429    .data               gameframe.o
    0x2000002f   0x00000009   Data   RW          505    .data               squaregroup.o
    0x20000038   0x00000004   Data   RW          565    .data               lcd.o
    0x2000003c   0x00000009   Data   RW          757    .data               remote.o
    0x20000045   0x00000001   Data   RW          786    .data               key.o
    0x20000046   0x00000004   Data   RW          809    .data               delay.o
    0x2000004a   0x00000002   PAD
    0x2000004c   0x00000006   Data   RW          873    .data               usart.o
    0x20000052   0x00000014   Data   RW         1195    .data               stm32f10x_rcc.o
    0x20000066   0x00000002   PAD
    0x20000068   0x00000014   Data   RW         2102    .data               system_stm32f10x.o
    0x2000007c   0x00000050   Zero   RW          428    .bss                gameframe.o
    0x200000cc   0x0000000e   Zero   RW          563    .bss                lcd.o
    0x200000da   0x000000c8   Zero   RW          872    .bss                usart.o
    0x200001a2   0x00000002   PAD
    0x200001a4   0x000000e4   Zero   RW         2252    .bss                c_w.l(rand.o)
    0x20000288   0x00000060   Zero   RW         2363    .bss                c_w.l(libspace.o)
    0x200002e8   0x00000800   Zero   RW         2092    HEAP                startup_stm32f10x_hd.o
    0x20000ae8   0x00000900   Zero   RW         2091    STACK               startup_stm32f10x_hd.o


==============================================================================

Image component sizes


      Code (inc. data)   RO Data    RW Data    ZI Data      Debug   Object Name

       220         26          0          4          0       1571   delay.o
      1524        250          0         28          0       8980   game.o
       672        118          0         15         80       5316   gameframe.o
       264         28          0          1          0       1098   key.o
     20308        264       6080          4         14      25326   lcd.o
        80          8          0          0          0        467   led.o
        72          8          0          0          0       1020   list.o
       802        140          0          2          0     256161   main.o
       152         12          0          0          0       1642   misc.o
       696         44          0          9          0       2150   remote.o
      2102        162          0          2          0      12679   square.o
       356         24          0          9          0       2314   squaregroup.o
        64         26        304          0       4352        804   startup_stm32f10x_hd.o
       444          6          0          0          0       4089   stm32f10x_gpio.o
        26          0          0          0          0       3606   stm32f10x_it.o
       276         32          0         20          0       4554   stm32f10x_rcc.o
      1118        150          0          0          0      11646   stm32f10x_tim.o
       408          6          0          0          0       5150   stm32f10x_usart.o
         0          0          0          0          0         32   sys.o
       328         28          0         20          0       2173   system_stm32f10x.o
       336         26          0          6        200       4367   usart.o

    ----------------------------------------------------------------------
     30270       1358       6416        124       4648     355145   Object Totals
         0          0         32          0          0          0   (incl. Generated)
        22          0          0          4          2          0   (incl. Padding)

    ----------------------------------------------------------------------

      Code (inc. data)   RO Data    RW Data    ZI Data      Debug   Library Member Name

         8          0          0          0          0         68   __main.o
       104          0          0          0          0         84   __printf.o
         0          0          0          0          0          0   __rtentry.o
        12          0          0          0          0          0   __rtentry2.o
         6          0          0          0          0          0   __rtentry4.o
        52          8          0          0          0          0   __scatter.o
        26          0          0          0          0          0   __scatter_copy.o
        28          0          0          0          0          0   __scatter_zi.o
        48          6          0          0          0         96   _printf_char_common.o
        36          4          0          0          0         80   _printf_char_file.o
        88          4         40          0          0         88   _printf_hex_int.o
       178          0          0          0          0         88   _printf_intcommon.o
         0          0          0          0          0          0   _printf_percent.o
         4          0          0          0          0          0   _printf_percent_end.o
         6          0          0          0          0          0   _printf_x.o
        10          0          0          0          0         68   defsig_exit.o
        50          0          0          0          0         88   defsig_general.o
        80         58          0          0          0         76   defsig_rtmem_inner.o
        14          0          0          0          0         80   defsig_rtmem_outer.o
        12          0          0          0          0         72   exit.o
         8          0          0          0          0         68   ferror.o
        94          0          0          0          0         80   h1_alloc.o
        52          0          0          0          0         68   h1_extend.o
        78          0          0          0          0         80   h1_free.o
        14          0          0          0          0         84   h1_init.o
         6          0          0          0          0        152   heapauxi.o
         4          0          0          0          0        136   hguard.o
       138          0          0          0          0        168   init_alloc.o
         2          0          0          0          0          0   libinit.o
        14          0          0          0          0          0   libinit2.o
         2          0          0          0          0          0   libshutdown.o
         2          0          0          0          0          0   libshutdown2.o
         8          4          0          0         96         68   libspace.o
         0          0          0          0          0          0   maybetermalloc1.o
        24          4          0          0          0         84   noretval__2printf.o
       112         18          0          0        228        160   rand.o
         8          4          0          0          0         68   rt_heap_descriptor_intlibspace.o
         2          0          0          0          0          0   rtexit.o
        10          0          0          0          0          0   rtexit2.o
        74          0          0          0          0         80   sys_stackheap_outer.o
         2          0          0          0          0         68   use_no_semi.o
         2          0          0          0          0         68   use_no_semi_2.o
        90          4          0          0          0         92   dfixu.o
        38          0          0          0          0         68   dflt_clz.o
       340         12          0          0          0        104   dmul.o
       156          4          0          0          0         92   dnaninf.o
        12          0          0          0          0         68   dretinf.o
         0          0          0          0          0          0   usenofp.o

    ----------------------------------------------------------------------
      2062        130         40          0        324       2744   Library Totals
         8          0          0          0          0          0   (incl. Padding)

    ----------------------------------------------------------------------

      Code (inc. data)   RO Data    RW Data    ZI Data      Debug   Library Name

      1418        110         40          0        324       2320   c_w.l
       636         20          0          0          0        424   fz_ws.l

    ----------------------------------------------------------------------
      2062        130         40          0        324       2744   Library Totals

    ----------------------------------------------------------------------

==============================================================================


      Code (inc. data)   RO Data    RW Data    ZI Data      Debug   

     32332       1488       6456        124       4972     350293   Grand Totals
     32332       1488       6456        124       4972     350293   ELF Image Totals
     32332       1488       6456        124          0          0   ROM Totals

==============================================================================

    Total RO  Size (Code + RO Data)                38788 (  37.88kB)
    Total RW  Size (RW Data + ZI Data)              5096 (   4.98kB)
    Total ROM Size (Code + RO Data + RW Data)      38912 (  38.00kB)

==============================================================================

